Component: ARM Compiler 6.14 Tool: armlink [5db06800]

==============================================================================

Memory Map of the image

  Image Entry point : 0x08000189

  Load Region LR_IROM1 (Base: 0x08000000, Size: 0x00012fd4, Max: 0x00100000, ABSOLUTE)

    Execution Region ER_IROM1 (Base: 0x08000000, Size: 0x00012e28, Max: 0x00100000, ABSOLUTE)

    Base Addr    Size         Type   Attr      Idx    E Section Name        Object

    0x08000000   0x00000188   Data   RO        35927    RESET               BUILD/DISCO_L475VG_IOT01A/ARMC6/mbed-os/targets/TARGET_STM/TARGET_STM32L4/TARGET_STM32L475xG/TOOLCHAIN_ARM/startup_stm32l475xx.o
    0x08000188   0x00000008   Code   RO        36874  * !!!main             c:\Users\Huang Yi Cheng\AppData\Local\Mbed Studio\mbed-studio-tools\ac6\bin\..\lib\armlib\c_w.l(__main.o)
    0x08000190   0x00000034   Code   RO        37438    !!!scatter          c:\Users\Huang Yi Cheng\AppData\Local\Mbed Studio\mbed-studio-tools\ac6\bin\..\lib\armlib\c_w.l(__scatter.o)
    0x080001c4   0x0000003a   Code   RO        37436    !!dczerorl          c:\Users\Huang Yi Cheng\AppData\Local\Mbed Studio\mbed-studio-tools\ac6\bin\..\lib\armlib\c_w.l(__dczerorl.o)
    0x080001fe   0x00000002   PAD
    0x08000200   0x0000001a   Code   RO        37440    !!handler_copy      c:\Users\Huang Yi Cheng\AppData\Local\Mbed Studio\mbed-studio-tools\ac6\bin\..\lib\armlib\c_w.l(__scatter_copy.o)
    0x0800021a   0x00000002   PAD
    0x0800021c   0x0000001c   Code   RO        37442    !!handler_zi        c:\Users\Huang Yi Cheng\AppData\Local\Mbed Studio\mbed-studio-tools\ac6\bin\..\lib\armlib\c_w.l(__scatter_zi.o)
    0x08000238   0x00000002   Code   RO        36873    .ARM.Collect$$libinit$$00000000  c:\Users\Huang Yi Cheng\AppData\Local\Mbed Studio\mbed-studio-tools\ac6\bin\..\lib\armlib\c_w.l(libinit.o)
    0x0800023a   0x00000004   Code   RO        37086    .ARM.Collect$$libinit$$00000001  c:\Users\Huang Yi Cheng\AppData\Local\Mbed Studio\mbed-studio-tools\ac6\bin\..\lib\armlib\c_w.l(libinit2.o)
    0x0800023e   0x00000000   Code   RO        37089    .ARM.Collect$$libinit$$00000004  c:\Users\Huang Yi Cheng\AppData\Local\Mbed Studio\mbed-studio-tools\ac6\bin\..\lib\armlib\c_w.l(libinit2.o)
    0x0800023e   0x00000008   Code   RO        37090    .ARM.Collect$$libinit$$00000005  c:\Users\Huang Yi Cheng\AppData\Local\Mbed Studio\mbed-studio-tools\ac6\bin\..\lib\armlib\c_w.l(libinit2.o)
    0x08000246   0x00000000   Code   RO        37092    .ARM.Collect$$libinit$$0000000A  c:\Users\Huang Yi Cheng\AppData\Local\Mbed Studio\mbed-studio-tools\ac6\bin\..\lib\armlib\c_w.l(libinit2.o)
    0x08000246   0x00000000   Code   RO        37094    .ARM.Collect$$libinit$$0000000C  c:\Users\Huang Yi Cheng\AppData\Local\Mbed Studio\mbed-studio-tools\ac6\bin\..\lib\armlib\c_w.l(libinit2.o)
    0x08000246   0x00000004   Code   RO        37095    .ARM.Collect$$libinit$$0000000D  c:\Users\Huang Yi Cheng\AppData\Local\Mbed Studio\mbed-studio-tools\ac6\bin\..\lib\armlib\c_w.l(libinit2.o)
    0x0800024a   0x00000000   Code   RO        37096    .ARM.Collect$$libinit$$0000000E  c:\Users\Huang Yi Cheng\AppData\Local\Mbed Studio\mbed-studio-tools\ac6\bin\..\lib\armlib\c_w.l(libinit2.o)
    0x0800024a   0x00000006   Code   RO        37097    .ARM.Collect$$libinit$$0000000F  c:\Users\Huang Yi Cheng\AppData\Local\Mbed Studio\mbed-studio-tools\ac6\bin\..\lib\armlib\c_w.l(libinit2.o)
    0x08000250   0x00000000   Code   RO        37099    .ARM.Collect$$libinit$$00000011  c:\Users\Huang Yi Cheng\AppData\Local\Mbed Studio\mbed-studio-tools\ac6\bin\..\lib\armlib\c_w.l(libinit2.o)
    0x08000250   0x0000000c   Code   RO        37100    .ARM.Collect$$libinit$$00000012  c:\Users\Huang Yi Cheng\AppData\Local\Mbed Studio\mbed-studio-tools\ac6\bin\..\lib\armlib\c_w.l(libinit2.o)
    0x0800025c   0x00000000   Code   RO        37101    .ARM.Collect$$libinit$$00000013  c:\Users\Huang Yi Cheng\AppData\Local\Mbed Studio\mbed-studio-tools\ac6\bin\..\lib\armlib\c_w.l(libinit2.o)
    0x0800025c   0x00000000   Code   RO        37103    .ARM.Collect$$libinit$$00000015  c:\Users\Huang Yi Cheng\AppData\Local\Mbed Studio\mbed-studio-tools\ac6\bin\..\lib\armlib\c_w.l(libinit2.o)
    0x0800025c   0x0000000a   Code   RO        37104    .ARM.Collect$$libinit$$00000016  c:\Users\Huang Yi Cheng\AppData\Local\Mbed Studio\mbed-studio-tools\ac6\bin\..\lib\armlib\c_w.l(libinit2.o)
    0x08000266   0x00000000   Code   RO        37105    .ARM.Collect$$libinit$$00000017  c:\Users\Huang Yi Cheng\AppData\Local\Mbed Studio\mbed-studio-tools\ac6\bin\..\lib\armlib\c_w.l(libinit2.o)
    0x08000266   0x00000000   Code   RO        37107    .ARM.Collect$$libinit$$00000019  c:\Users\Huang Yi Cheng\AppData\Local\Mbed Studio\mbed-studio-tools\ac6\bin\..\lib\armlib\c_w.l(libinit2.o)
[...]
    0x0800a818   0x000000b0   Code   RO          813    .text._ZN8ISM4336217check_recv_statusEiPv  BUILD/DISCO_L475VG_IOT01A/ARMC6/drivers/COMPONENT_wifi_ism43362/ISM43362/ISM43362.o
    0x0800a8c8   0x00000080   Code   RO          777    .text._ZN8ISM4336220get_firmware_versionEv  BUILD/DISCO_L475VG_IOT01A/ARMC6/drivers/COMPONENT_wifi_ism43362/ISM43362/ISM43362.o
    0x0800a948   0x00000028   Code   RO          783    .text._ZN8ISM433624dhcpEb  BUILD/DISCO_L475VG_IOT01A/ARMC6/drivers/COMPONENT_wifi_ism43362/ISM43362/ISM43362.o
    0x0800a970   0x000001d8   Code   RO          809    .text._ZN8ISM433624openEPKciS1_i  BUILD/DISCO_L475VG_IOT01A/ARMC6/drivers/COMPONENT_wifi_ism43362/ISM43362/ISM43362.o
    0x0800ab48   0x00000210   Code   RO          807    .text._ZN8ISM433624scanEP15WiFiAccessPointj  BUILD/DISCO_L475VG_IOT01A/ARMC6/drivers/COMPONENT_wifi_ism43362/ISM43362/ISM43362.o
    0x0800ad58   0x00000074   Code   RO          811    .text._ZN8ISM433624sendEiPKvj  BUILD/DISCO_L475VG_IOT01A/ARMC6/drivers/COMPONENT_wifi_ism43362/ISM43362/ISM43362.o
    0x0800adcc   0x00000048   Code   RO          815    .text._ZN8ISM433625closeEi  BUILD/DISCO_L475VG_IOT01A/ARMC6/drivers/COMPONENT_wifi_ism43362/ISM43362/ISM43362.o
    0x0800ae14   0x00000040   Code   RO          773    .text._ZN8ISM433625resetEv  BUILD/DISCO_L475VG_IOT01A/ARMC6/drivers/COMPONENT_wifi_ism43362/ISM43362/ISM43362.o
    0x0800ae54   0x0000000c   Code   RO          821    .text._ZN8ISM433626attachEN4mbed8CallbackIFvvEEE  BUILD/DISCO_L475VG_IOT01A/ARMC6/drivers/COMPONENT_wifi_ism43362/ISM43362/ISM43362.o
    0x0800ae60   0x00000010   Code   RO          373    .text._ZN8ISM433626attachI17ISM43362InterfaceMS1_FvvEEEvPT_T0_  BUILD/DISCO_L475VG_IOT01A/ARMC6/drivers/COMPONENT_wifi_ism43362/ISM43362Interface.o
    0x0800ae70   0x00000130   Code   RO          785    .text._ZN8ISM433627connectEPKcS1_12ism_security  BUILD/DISCO_L475VG_IOT01A/ARMC6/drivers/COMPONENT_wifi_ism43362/ISM43362/ISM43362.o
    0x0800afa0   0x00000048   Code   RO          797    .text._ZN8ISM433627getRSSIEv  BUILD/DISCO_L475VG_IOT01A/ARMC6/drivers/COMPONENT_wifi_ism43362/ISM43362/ISM43362.o
    0x0800afe8   0x000000d0   Code   RO          771    .text._ZN8ISM43362C2E7PinNameS0_S0_S0_S0_S0_S0_b  BUILD/DISCO_L475VG_IOT01A/ARMC6/drivers/COMPONENT_wifi_ism43362/ISM43362/ISM43362.o
    0x0800b0b8   0x00000016   Code   RO          407    .text._ZN8ISM43362D2Ev  BUILD/DISCO_L475VG_IOT01A/ARMC6/drivers/COMPONENT_wifi_ism43362/ISM43362Interface.o
    0x0800b0ce   0x00000020   Code   RO          661    .text._ZN8MyBufferIcE3getEv  BUILD/DISCO_L475VG_IOT01A/ARMC6/drivers/COMPONENT_wifi_ism43362/ISM43362/ATParser/BufferedSpi/Buffer/MyBuffer.o
    0x0800b0ee   0x0000001e   Code   RO          659    .text._ZN8MyBufferIcE3putEc  BUILD/DISCO_L475VG_IOT01A/ARMC6/drivers/COMPONENT_wifi_ism43362/ISM43362/ATParser/BufferedSpi/Buffer/MyBuffer.o
    0x0800b10c   0x00000014   Code   RO          651    .text._ZN8MyBufferIcE5clearEv  BUILD/DISCO_L475VG_IOT01A/ARMC6/drivers/COMPONENT_wifi_ism43362/ISM43362/ATParser/BufferedSpi/Buffer/MyBuffer.o
    0x0800b120   0x00000020   Code   RO          649    .text._ZN8MyBufferIcEC2Ej  BUILD/DISCO_L475VG_IOT01A/ARMC6/drivers/COMPONENT_wifi_ism43362/ISM43362/ATParser/BufferedSpi/Buffer/MyBuffer.o
    0x0800b140   0x0000000e   Code   RO          657    .text._ZN8MyBufferIcED2Ev  BUILD/DISCO_L475VG_IOT01A/ARMC6/drivers/COMPONENT_wifi_ism43362/ISM43362/ATParser/BufferedSpi/Buffer/MyBuffer.o
    0x0800b14e   0x00000008   Code   RO          669    .text._ZN8MyBufferIcEcviEv  BUILD/DISCO_L475VG_IOT01A/ARMC6/drivers/COMPONENT_wifi_ism43362/ISM43362/ATParser/BufferedSpi/Buffer/MyBuffer.o
    0x0800b156   0x00000002   PAD
    0x0800b158   0x0000009c   Code   RO        25835    .text._ZN9TCPSocket4recvEPvj  BUILD/DISCO_L475VG_IOT01A/ARMC6/mbed-os/connectivity/netsocket/source/TCPSocket.o
    0x0800b1f4   0x000000cc   Code   RO        25831    .text._ZN9TCPSocket4sendEPKvj  BUILD/DISCO_L475VG_IOT01A/ARMC6/mbed-os/connectivity/netsocket/source/TCPSocket.o
    0x0800b2c0   0x00000108   Code   RO        25841    .text._ZN9TCPSocket6acceptEPi  BUILD/DISCO_L475VG_IOT01A/ARMC6/mbed-os/connectivity/netsocket/source/TCPSocket.o
    0x0800b3c8   0x00000030   Code   RO        25839    .text._ZN9TCPSocket6listenEi  BUILD/DISCO_L475VG_IOT01A/ARMC6/mbed-os/connectivity/netsocket/source/TCPSocket.o
    0x0800b3f8   0x00000012   Code   RO        25833    .text._ZN9TCPSocket6sendtoERK13SocketAddressPKvj  BUILD/DISCO_L475VG_IOT01A/ARMC6/mbed-os/connectivity/netsocket/source/TCPSocket.o
    0x0800b40a   0x00000002   PAD
    0x0800b40c   0x000000c8   Code   RO        25829    .text._ZN9TCPSocket7connectERK13SocketAddress  BUILD/DISCO_L475VG_IOT01A/ARMC6/mbed-os/connectivity/netsocket/source/TCPSocket.o
    0x0800b4d4   0x00000026   Code   RO        25837    .text._ZN9TCPSocket8recvfromEP13SocketAddressPvj  BUILD/DISCO_L475VG_IOT01A/ARMC6/mbed-os/connectivity/netsocket/source/TCPSocket.o
    0x0800b4fa   0x00000004   Code   RO        25827    .text._ZN9TCPSocket9get_protoEv  BUILD/DISCO_L475VG_IOT01A/ARMC6/mbed-os/connectivity/netsocket/source/TCPSocket.o
    0x0800b4fe   0x00000002   PAD
    0x0800b500   0x00000054   Code   RO        25825    .text._ZN9TCPSocketC2EPS_Pv13SocketAddress  BUILD/DISCO_L475VG_IOT01A/ARMC6/mbed-os/connectivity/netsocket/source/TCPSocket.o
    0x0800b554   0x00000014   Code   RO        25823    .text._ZN9TCPSocketC2Ev  BUILD/DISCO_L475VG_IOT01A/ARMC6/mbed-os/connectivity/netsocket/source/TCPSocket.o
    0x0800b568   0x0000000e   Code   RO        25845    .text._ZN9TCPSocketD0Ev  BUILD/DISCO_L475VG_IOT01A/ARMC6/mbed-os/connectivity/netsocket/source/TCPSocket.o
    0x0800b576   0x00000004   Code   RO        25950    .text._ZN9UDPSocket9get_protoEv  BUILD/DISCO_L475VG_IOT01A/ARMC6/mbed-os/connectivity/netsocket/source/UDPSocket.o
    0x0800b57a   0x00000002   PAD
    0x0800b57c   0x00000014   Code   RO        25948    .text._ZN9UDPSocketC2Ev  BUILD/DISCO_L475VG_IOT01A/ARMC6/mbed-os/connectivity/netsocket/source/UDPSocket.o
    0x0800b590   0x0000000e   Code   RO        25954    .text._ZN9UDPSocketD0Ev  BUILD/DISCO_L475VG_IOT01A/ARMC6/mbed-os/connectivity/netsocket/source/UDPSocket.o
    0x0800b59e   0x00000002   PAD
    0x0800b5a0   0x00000034   Code   RO        30236    .text._ZNK12DirectSerial4pollEs  BUILD/DISCO_L475VG_IOT01A/ARMC6/mbed-os/platform/source/mbed_retarget.o
    0x0800b5d4   0x00000024   Code   RO        27336    .text._ZNK12SingletonPtrIN4mbed14CircularBufferINS0_11TransactionINS0_3SPIEEELj2EjEEE3getEv  BUILD/DISCO_L475VG_IOT01A/ARMC6/mbed-os/drivers/source/SPI.o
    0x0800b5f8   0x00000020   Code   RO        26038    .text._ZNK12SingletonPtrIN4mbed8CallbackIFiiNS1_IFvvEEEEEEE3getEv  BUILD/DISCO_L475VG_IOT01A/ARMC6/mbed-os/connectivity/netsocket/source/nsapi_dns.o
    0x0800b618   0x00000022   Code   RO        26046    .text._ZNK12SingletonPtrIN4rtos5MutexEE3getEv  BUILD/DISCO_L475VG_IOT01A/ARMC6/mbed-os/connectivity/netsocket/source/nsapi_dns.o
    0x0800b63a   0x0000003e   Code   RO        25810    .text._ZNK13SocketAddress14get_ip_addressEv  BUILD/DISCO_L475VG_IOT01A/ARMC6/mbed-os/connectivity/netsocket/source/SocketAddress.o
    0x0800b678   0x00000034   Code   RO        25812    .text._ZNK13SocketAddresscvbEv  BUILD/DISCO_L475VG_IOT01A/ARMC6/mbed-os/connectivity/netsocket/source/SocketAddress.o
    0x0800b6ac   0x00000004   Code   RO        25592    .text._ZNK16NetworkInterface21get_connection_statusEv  BUILD/DISCO_L475VG_IOT01A/ARMC6/mbed-os/connectivity/netsocket/source/NetworkInterface.o
    0x0800b6b0   0x00000006   Code   RO          357    .text._ZNK17ISM43362Interface21get_connection_statusEv  BUILD/DISCO_L475VG_IOT01A/ARMC6/drivers/COMPONENT_wifi_ism43362/ISM43362Interface.o
    0x0800b6b6   0x00000004   Code   RO        27601    .text._ZNK4mbed10FileHandle11is_blockingEv  BUILD/DISCO_L475VG_IOT01A/ARMC6/mbed-os/drivers/source/UnbufferedSerial.o
    0x0800b6ba   0x00000010   Code   RO        29794    .text._ZNK4mbed15TickerDataClock3nowEv  BUILD/DISCO_L475VG_IOT01A/ARMC6/mbed-os/platform/source/SysTimer.o
    0x0800b6ca   0x00000002   PAD
    0x0800b6cc   0x00000058   Code   RO        27125    .text._ZNK4mbed4impl7MbedCRCILj79764919ELh32ELNS_7CrcModeE2EE18do_compute_partialILS2_2EEENSt3__19enable_ifIXeqT_LS2_2EEiE4typeEPKhjPj  BUILD/DISCO_L475VG_IOT01A/ARMC6/mbed-os/drivers/source/MbedCRC.o
    0x0800b724   0x00000024   Code   RO        30194    .text._ZNK4mbed8internal18timed_predicate_op14wake_conditionEv  BUILD/DISCO_L475VG_IOT01A/ARMC6/mbed-os/platform/source/mbed_os_timer.o
    0x0800b748   0x00000052   Code   RO        29828    .text._ZNK4mbed8internal8SysTimerINSt3__15ratioILx1ELx1000EEELb1EE14_elapsed_ticksEv  BUILD/DISCO_L475VG_IOT01A/ARMC6/mbed-os/platform/source/SysTimer.o
    0x0800b79a   0x00000012   Code   RO        29808    .text._ZNK4mbed8internal8SysTimerINSt3__15ratioILx1ELx1000EEELb1EE8get_tickEv  BUILD/DISCO_L475VG_IOT01A/ARMC6/mbed-os/platform/source/SysTimer.o
    0x0800b7ac   0x0000000a   Code   RO        29832    .text._ZNK4mbed8internal8SysTimerINSt3__15ratioILx1ELx1000EEELb1EE8get_timeEv  BUILD/DISCO_L475VG_IOT01A/ARMC6/mbed-os/platform/source/SysTimer.o
    0x0800b7b6   0x0000002e   Code   RO        27510    .text._ZNK4mbed9TimerBase12elapsed_timeEv  BUILD/DISCO_L475VG_IOT01A/ARMC6/mbed-os/drivers/source/Timer.o
    0x0800b7e4   0x0000001a   Code   RO        27514    .text._ZNK4mbed9TimerBase7read_msEv  BUILD/DISCO_L475VG_IOT01A/ARMC6/mbed-os/drivers/source/Timer.o
    0x0800b7fe   0x00000030   Code   RO        27506    .text._ZNK4mbed9TimerBase9slicetimeEv  BUILD/DISCO_L475VG_IOT01A/ARMC6/mbed-os/drivers/source/Timer.o
    0x0800b82e   0x00000074   Code   RO        30820    .text._ZNK4rtos6Thread9get_stateEv  BUILD/DISCO_L475VG_IOT01A/ARMC6/mbed-os/rtos/source/Thread.o
    0x0800b8a2   0x00000006   Code   RO          287    .text._ZThn4_N17ISM43362Interface10disconnectEv  BUILD/DISCO_L475VG_IOT01A/ARMC6/drivers/COMPONENT_wifi_ism43362/ISM43362Interface.o
    0x0800b8a8   0x00000008   Code   RO          281    .text._ZThn4_N17ISM43362Interface11set_channelEh  BUILD/DISCO_L475VG_IOT01A/ARMC6/drivers/COMPONENT_wifi_ism43362/ISM43362Interface.o
    0x0800b8b0   0x00000006   Code   RO          277    .text._ZThn4_N17ISM43362Interface15set_credentialsEPKcS1_14nsapi_security  BUILD/DISCO_L475VG_IOT01A/ARMC6/drivers/COMPONENT_wifi_ism43362/ISM43362Interface.o
    0x0800b8b6   0x00000006   Code   RO          321    .text._ZThn4_N17ISM43362Interface4scanEP15WiFiAccessPointj  BUILD/DISCO_L475VG_IOT01A/ARMC6/drivers/COMPONENT_wifi_ism43362/ISM43362Interface.o
    0x0800b8bc   0x0000000e   Code   RO          267    .text._ZThn4_N17ISM43362Interface7connectEPKcS1_14nsapi_securityh  BUILD/DISCO_L475VG_IOT01A/ARMC6/drivers/COMPONENT_wifi_ism43362/ISM43362Interface.o
    0x0800b8ca   0x00000006   Code   RO          273    .text._ZThn4_N17ISM43362Interface7connectEv  BUILD/DISCO_L475VG_IOT01A/ARMC6/drivers/COMPONENT_wifi_ism43362/ISM43362Interface.o
    0x0800b8d0   0x00000006   Code   RO          317    .text._ZThn4_N17ISM43362Interface8get_rssiEv  BUILD/DISCO_L475VG_IOT01A/ARMC6/drivers/COMPONENT_wifi_ism43362/ISM43362Interface.o
    0x0800b8d6   0x00000006   Code   RO          401    .text._ZThn4_N17ISM43362InterfaceD0Ev  BUILD/DISCO_L475VG_IOT01A/ARMC6/drivers/COMPONENT_wifi_ism43362/ISM43362Interface.o
    0x0800b8dc   0x00000006   Code   RO          399    .text._ZThn4_N17ISM43362InterfaceD1Ev  BUILD/DISCO_L475VG_IOT01A/ARMC6/drivers/COMPONENT_wifi_ism43362/ISM43362Interface.o
    0x0800b8e2   0x0000000a   Code   RO          403    .text._ZTv0_n120_N17ISM43362Interface9get_stackEv  BUILD/DISCO_L475VG_IOT01A/ARMC6/drivers/COMPONENT_wifi_ism43362/ISM43362Interface.o
    0x0800b8ec   0x0000000c   Code   RO          297    .text._ZTv0_n44_N17ISM43362Interface15get_mac_addressEv  BUILD/DISCO_L475VG_IOT01A/ARMC6/drivers/COMPONENT_wifi_ism43362/ISM43362Interface.o
    0x0800b8f8   0x0000000c   Code   RO          293    .text._ZTv0_n48_N17ISM43362Interface14get_ip_addressEP13SocketAddress  BUILD/DISCO_L475VG_IOT01A/ARMC6/drivers/COMPONENT_wifi_ism43362/ISM43362Interface.o
    0x0800b904   0x0000000c   Code   RO          309    .text._ZTv0_n56_N17ISM43362Interface11get_netmaskEP13SocketAddress  BUILD/DISCO_L475VG_IOT01A/ARMC6/drivers/COMPONENT_wifi_ism43362/ISM43362Interface.o
    0x0800b910   0x0000000c   Code   RO          303    .text._ZTv0_n60_N17ISM43362Interface11get_gatewayEP13SocketAddress  BUILD/DISCO_L475VG_IOT01A/ARMC6/drivers/COMPONENT_wifi_ism43362/ISM43362Interface.o
    0x0800b91c   0x0000000c   Code   RO          313    .text._ZTv0_n64_N17ISM43362Interface18get_interface_nameEPc  BUILD/DISCO_L475VG_IOT01A/ARMC6/drivers/COMPONENT_wifi_ism43362/ISM43362Interface.o
    0x0800b928   0x00000014   Code   RO          355    .text._ZTv0_n88_N17ISM43362Interface6attachEN4mbed8CallbackIFv11nsapi_eventiEEE  BUILD/DISCO_L475VG_IOT01A/ARMC6/drivers/COMPONENT_wifi_ism43362/ISM43362Interface.o
    0x0800b93c   0x0000000e   Code   RO          359    .text._ZTv0_n92_NK17ISM43362Interface21get_connection_statusEv  BUILD/DISCO_L475VG_IOT01A/ARMC6/drivers/COMPONENT_wifi_ism43362/ISM43362Interface.o
    0x0800b94a   0x00000022   Code   RO        25715    .text._ZZN4mbed8CallbackIFiiNS0_IFvvEEEEEC1IP12NetworkStackMS6_FiiS2_ELi0EEET_T0_ENKUliS2_E_clEiS2_  BUILD/DISCO_L475VG_IOT01A/ARMC6/mbed-os/connectivity/netsocket/source/NetworkStack.o
    0x0800b96c   0x00000008   Code   RO          763    .text._ZZN4mbed8CallbackIFvvEEC1IP11BufferedSpiMS4_FvvELi0EEET_T0_ENKUlvE_clEv  BUILD/DISCO_L475VG_IOT01A/ARMC6/drivers/COMPONENT_wifi_ism43362/ISM43362/ATParser/BufferedSpi/BufferedSpi.o
    0x0800b974   0x00000008   Code   RO        25533    .text._ZZN4mbed8CallbackIFvvEEC1IP14InternetSocketMS4_FvvELi0EEET_T0_ENKUlvE_clEv  BUILD/DISCO_L475VG_IOT01A/ARMC6/mbed-os/connectivity/netsocket/source/InternetSocket.o
    0x0800b97c   0x00000008   Code   RO          413    .text._ZZN4mbed8CallbackIFvvEEC1IP17ISM43362InterfaceMS4_FvvELi0EEET_T0_ENKUlvE_clEv  BUILD/DISCO_L475VG_IOT01A/ARMC6/drivers/COMPONENT_wifi_ism43362/ISM43362Interface.o
    0x0800b984   0x00000008   Code   RO        25849    .text._ZZN4mbed8CallbackIFvvEEC1IP9TCPSocketM14InternetSocketFvvELi0EEET_T0_ENKUlvE_clEv  BUILD/DISCO_L475VG_IOT01A/ARMC6/mbed-os/connectivity/netsocket/source/TCPSocket.o
    0x0800b98c   0x00000008   Code   RO         8044    .text._ZZN4mbed8CallbackIFvvEEC1IPN6events10EventQueueEMS5_FvvELi0EEET_T0_ENKUlvE_clEv  BUILD/DISCO_L475VG_IOT01A/ARMC6/mbed-os/connectivity/cellular/source/framework/device/CellularDevice.o
    0x0800b994   0x00000004   Code   RO        30384    .text._ZdaPv        BUILD/DISCO_L475VG_IOT01A/ARMC6/mbed-os/platform/source/mbed_retarget.o
    0x0800b998   0x00000004   Code   RO        30324    .text._ZdlPv        BUILD/DISCO_L475VG_IOT01A/ARMC6/mbed-os/platform/source/mbed_retarget.o
    0x0800b99c   0x0000004e   Code   RO        25816    .text._ZeqRK13SocketAddressS1_  BUILD/DISCO_L475VG_IOT01A/ARMC6/mbed-os/connectivity/netsocket/source/SocketAddress.o
    0x0800b9ea   0x00000002   PAD
    0x0800b9ec   0x0000001c   Code   RO        30378    .text._Znaj         BUILD/DISCO_L475VG_IOT01A/ARMC6/mbed-os/platform/source/mbed_retarget.o
    0x0800ba08   0x00000004   Code   RO        30380    .text._ZnajRKSt9nothrow_t  BUILD/DISCO_L475VG_IOT01A/ARMC6/mbed-os/platform/source/mbed_retarget.o
    0x0800ba0c   0x0000000c   Code   RO        25818    .text._ZneRK13SocketAddressS1_  BUILD/DISCO_L475VG_IOT01A/ARMC6/mbed-os/connectivity/netsocket/source/SocketAddress.o
    0x0800ba18   0x00000020   Code   RO        30376    .text._Znwj         BUILD/DISCO_L475VG_IOT01A/ARMC6/mbed-os/platform/source/mbed_retarget.o
    0x0800ba38   0x00000004   Code   RO        30322    .text._ZnwjRKSt9nothrow_t  BUILD/DISCO_L475VG_IOT01A/ARMC6/mbed-os/platform/source/mbed_retarget.o
    0x0800ba3c   0x00000024   Code   RO        32715    .text.__NVIC_SetPriority  BUILD/DISCO_L475VG_IOT01A/ARMC6/mbed-os/targets/TARGET_STM/TARGET_STM32L4/STM32Cube_FW/STM32L4xx_HAL_Driver/stm32l4xx_hal_cortex.o
    0x0800ba60   0x00000024   Code   RO        30119    .text.__NVIC_SystemReset  BUILD/DISCO_L475VG_IOT01A/ARMC6/mbed-os/platform/source/mbed_error.o
    0x0800ba84   0x0000002e   Code   RO        30366    .text.__cxa_guard_acquire  BUILD/DISCO_L475VG_IOT01A/ARMC6/mbed-os/platform/source/mbed_retarget.o
    0x0800bab2   0x0000000e   Code   RO        30372    .text.__cxa_guard_release  BUILD/DISCO_L475VG_IOT01A/ARMC6/mbed-os/platform/source/mbed_retarget.o
    0x0800bac0   0x00000028   Code   RO        36964    .text.__cxa_pure_virtual  c:\Users\Huang Yi Cheng\AppData\Local\Mbed Studio\mbed-studio-tools\ac6\bin\..\lib\libcxx\libcppabi_w.l(cxa_virtual.cpp.o)
    0x0800bae8   0x00000038   Code   RO         1404    .text.__rt_entry    BUILD/DISCO_L475VG_IOT01A/ARMC6/mbed-os/cmsis/device/rtos/TOOLCHAIN_ARM_STD/mbed_boot_arm_std.o
    0x0800bb20   0x0000004c   Code   RO         1408    .text.__user_perthread_libspace  BUILD/DISCO_L475VG_IOT01A/ARMC6/mbed-os/cmsis/device/rtos/TOOLCHAIN_ARM_STD/mbed_boot_arm_std.o
    0x0800bb6c   0x00000004   Code   RO        30302    .text.__user_setup_stackheap  BUILD/DISCO_L475VG_IOT01A/ARMC6/mbed-os/platform/source/mbed_retarget.o
    0x0800bb70   0x00000026   Code   RO        29335    .text._gpio_init_in  BUILD/DISCO_L475VG_IOT01A/ARMC6/mbed-os/hal/source/mbed_gpio.o
    0x0800bb96   0x00000036   Code   RO        29341    .text._gpio_init_out  BUILD/DISCO_L475VG_IOT01A/ARMC6/mbed-os/hal/source/mbed_gpio.o
    0x0800bbcc   0x0000002c   Code   RO        30298    .text._mbed_user_setup_stackheap  BUILD/DISCO_L475VG_IOT01A/ARMC6/mbed-os/platform/source/mbed_retarget.o
    0x0800bbf8   0x0000001a   Code   RO         1414    .text._mutex_acquire  BUILD/DISCO_L475VG_IOT01A/ARMC6/mbed-os/cmsis/device/rtos/TOOLCHAIN_ARM_STD/mbed_boot_arm_std.o
    0x0800bc12   0x00000002   PAD
    0x0800bc14   0x00000044   Code   RO         1418    .text._mutex_free   BUILD/DISCO_L475VG_IOT01A/ARMC6/mbed-os/cmsis/device/rtos/TOOLCHAIN_ARM_STD/mbed_boot_arm_std.o
    0x0800bc58   0x0000009c   Code   RO         1412    .text._mutex_initialize  BUILD/DISCO_L475VG_IOT01A/ARMC6/mbed-os/cmsis/device/rtos/TOOLCHAIN_ARM_STD/mbed_boot_arm_std.o
    0x0800bcf4   0x00000016   Code   RO         1416    .text._mutex_release  BUILD/DISCO_L475VG_IOT01A/ARMC6/mbed-os/cmsis/device/rtos/TOOLCHAIN_ARM_STD/mbed_boot_arm_std.o
    0x0800bd0a   0x00000004   Code   RO         1031    .text._platform_post_stackheap_init  BUILD/DISCO_L475VG_IOT01A/ARMC6/mbed-os/cmsis/CMSIS_5/CMSIS/RTOS2/RTX/Source/rtx_lib.o
    0x0800bd0e   0x00000004   Code   RO        30394    .text._scanf_mbtowc  BUILD/DISCO_L475VG_IOT01A/ARMC6/mbed-os/platform/source/mbed_retarget.o
    0x0800bd12   0x00000004   Code   RO        30266    .text._sys_close    BUILD/DISCO_L475VG_IOT01A/ARMC6/mbed-os/platform/source/mbed_retarget.o
    0x0800bd16   0x00000002   Code   RO        30276    .text._sys_exit     BUILD/DISCO_L475VG_IOT01A/ARMC6/mbed-os/platform/source/mbed_retarget.o
    0x0800bd18   0x00000028   Code   RO        30296    .text._sys_flen     BUILD/DISCO_L475VG_IOT01A/ARMC6/mbed-os/platform/source/mbed_retarget.o
    0x0800bd40   0x00000004   Code   RO        30284    .text._sys_istty    BUILD/DISCO_L475VG_IOT01A/ARMC6/mbed-os/platform/source/mbed_retarget.o
    0x0800bd44   0x00000084   Code   RO        30260    .text._sys_open     BUILD/DISCO_L475VG_IOT01A/ARMC6/mbed-os/platform/source/mbed_retarget.o
    0x0800bdc8   0x00000006   Code   RO        30286    .text._sys_seek     BUILD/DISCO_L475VG_IOT01A/ARMC6/mbed-os/platform/source/mbed_retarget.o
    0x0800bdce   0x00000002   PAD
    0x0800bdd0   0x000000c0   Code   RO        30270    .text._sys_write    BUILD/DISCO_L475VG_IOT01A/ARMC6/mbed-os/platform/source/mbed_retarget.o
    0x0800be90   0x00000014   Code   RO        30278    .text._ttywrch      BUILD/DISCO_L475VG_IOT01A/ARMC6/mbed-os/platform/source/mbed_retarget.o
    0x0800bea4   0x00000004   Code   RO        37161    .text.abort_message  c:\Users\Huang Yi Cheng\AppData\Local\Mbed Studio\mbed-studio-tools\ac6\bin\..\lib\libcxx\libcppabi_w.l(abort_message.cpp.o)
    0x0800bea8   0x00000002   Code   RO        29449    .text.block_us_ticker_free  BUILD/DISCO_L475VG_IOT01A/ARMC6/mbed-os/hal/source/mbed_us_ticker_api.o
    0x0800beaa   0x00000002   PAD
    0x0800beac   0x000000e0   Code   RO        36191    .text.can_irq       BUILD/DISCO_L475VG_IOT01A/ARMC6/mbed-os/targets/TARGET_STM/can_api.o
    0x0800bf8c   0x00000038   Code   RO        30268    .text.close         BUILD/DISCO_L475VG_IOT01A/ARMC6/mbed-os/platform/source/mbed_retarget.o
    0x0800bfc4   0x0000000a   Code   RO        10394    .text.common_write_16_bit  BUILD/DISCO_L475VG_IOT01A/ARMC6/mbed-os/connectivity/libraries/nanostack-libservice/source/libBits/common_functions.o
    0x0800bfce   0x0000000c   Code   RO        30064    .text.core_util_are_interrupts_enabled  BUILD/DISCO_L475VG_IOT01A/ARMC6/mbed-os/platform/source/mbed_critical.o
    0x0800bfda   0x00000012   Code   RO        29973    .text.core_util_atomic_decr_u16  BUILD/DISCO_L475VG_IOT01A/ARMC6/mbed-os/platform/source/mbed_atomic_impl.o
    0x0800bfec   0x00000012   Code   RO        29975    .text.core_util_atomic_decr_u32  BUILD/DISCO_L475VG_IOT01A/ARMC6/mbed-os/platform/source/mbed_atomic_impl.o
    0x0800bffe   0x00000014   Code   RO        29957    .text.core_util_atomic_flag_test_and_set  BUILD/DISCO_L475VG_IOT01A/ARMC6/mbed-os/platform/source/mbed_atomic_impl.o
    0x0800c012   0x00000012   Code   RO        29967    .text.core_util_atomic_incr_u16  BUILD/DISCO_L475VG_IOT01A/ARMC6/mbed-os/platform/source/mbed_atomic_impl.o
    0x0800c024   0x00000016   Code   RO        30019    .text.core_util_atomic_load_u64  BUILD/DISCO_L475VG_IOT01A/ARMC6/mbed-os/platform/source/mbed_atomic_impl.o
    0x0800c03a   0x00000002   PAD
    0x0800c03c   0x00000010   Code   RO        30070    .text.core_util_critical_section_enter  BUILD/DISCO_L475VG_IOT01A/ARMC6/mbed-os/platform/source/mbed_critical.o
    0x0800c04c   0x00000018   Code   RO        30072    .text.core_util_critical_section_exit  BUILD/DISCO_L475VG_IOT01A/ARMC6/mbed-os/platform/source/mbed_critical.o
    0x0800c064   0x0000000c   Code   RO        30066    .text.core_util_is_isr_active  BUILD/DISCO_L475VG_IOT01A/ARMC6/mbed-os/platform/source/mbed_critical.o
    0x0800c070   0x0000007e   Code   RO        28693    .text.equeue_alloc  BUILD/DISCO_L475VG_IOT01A/ARMC6/mbed-os/events/source/equeue.o
    0x0800c0ee   0x00000024   Code   RO        28687    .text.equeue_create  BUILD/DISCO_L475VG_IOT01A/ARMC6/mbed-os/events/source/equeue.o
    0x0800c112   0x00000070   Code   RO        28689    .text.equeue_create_inplace  BUILD/DISCO_L475VG_IOT01A/ARMC6/mbed-os/events/source/equeue.o
    0x0800c182   0x00000070   Code   RO        28695    .text.equeue_dealloc  BUILD/DISCO_L475VG_IOT01A/ARMC6/mbed-os/events/source/equeue.o
    0x0800c1f2   0x00000178   Code   RO        28715    .text.equeue_dispatch  BUILD/DISCO_L475VG_IOT01A/ARMC6/mbed-os/events/source/equeue.o
    0x0800c36a   0x0000009e   Code   RO        28697    .text.equeue_enqueue  BUILD/DISCO_L475VG_IOT01A/ARMC6/mbed-os/events/source/equeue.o
    0x0800c408   0x00000016   Code   RO        28717    .text.equeue_incid  BUILD/DISCO_L475VG_IOT01A/ARMC6/mbed-os/events/source/equeue.o
    0x0800c41e   0x00000004   Code   RO        28751    .text.equeue_mutex_lock  BUILD/DISCO_L475VG_IOT01A/ARMC6/mbed-os/events/source/equeue_mbed.o
    0x0800c422   0x00000004   Code   RO        28753    .text.equeue_mutex_unlock  BUILD/DISCO_L475VG_IOT01A/ARMC6/mbed-os/events/source/equeue_mbed.o
    0x0800c426   0x00000048   Code   RO        28699    .text.equeue_post   BUILD/DISCO_L475VG_IOT01A/ARMC6/mbed-os/events/source/equeue.o
    0x0800c46e   0x00000002   PAD
    0x0800c470   0x00000014   Code   RO        28755    .text.equeue_sema_create  BUILD/DISCO_L475VG_IOT01A/ARMC6/mbed-os/events/source/equeue_mbed.o
    0x0800c484   0x00000006   Code   RO        28759    .text.equeue_sema_signal  BUILD/DISCO_L475VG_IOT01A/ARMC6/mbed-os/events/source/equeue_mbed.o
    0x0800c48a   0x00000018   Code   RO        28761    .text.equeue_sema_wait  BUILD/DISCO_L475VG_IOT01A/ARMC6/mbed-os/events/source/equeue_mbed.o
    0x0800c4a2   0x00000002   PAD
    0x0800c4a4   0x0000002c   Code   RO        28745    .text.equeue_tick   BUILD/DISCO_L475VG_IOT01A/ARMC6/mbed-os/events/source/equeue_mbed.o
    0x0800c4d0   0x00000004   Code   RO        28743    .text.equeue_tick_init  BUILD/DISCO_L475VG_IOT01A/ARMC6/mbed-os/events/source/equeue_mbed.o
    0x0800c4d4   0x00000028   Code   RO        30077    .text.error         BUILD/DISCO_L475VG_IOT01A/ARMC6/mbed-os/platform/source/mbed_error.o
    0x0800c4fc   0x0000002c   Code   RO        30342    .text.exit          BUILD/DISCO_L475VG_IOT01A/ARMC6/mbed-os/platform/source/mbed_retarget.o
    0x0800c528   0x0000002a   Code   RO        30294    .text.fsync         BUILD/DISCO_L475VG_IOT01A/ARMC6/mbed-os/platform/source/mbed_retarget.o
    0x0800c552   0x00000002   PAD
    0x0800c554   0x00000008   Code   RO        29357    .text.get_lp_ticker_data  BUILD/DISCO_L475VG_IOT01A/ARMC6/mbed-os/hal/source/mbed_lp_ticker_api.o
    0x0800c55c   0x00000058   Code   RO        36504    .text.get_uart_index  BUILD/DISCO_L475VG_IOT01A/ARMC6/mbed-os/targets/TARGET_STM/serial_api.o
    0x0800c5b4   0x00000008   Code   RO        29443    .text.get_us_ticker_data  BUILD/DISCO_L475VG_IOT01A/ARMC6/mbed-os/hal/source/mbed_us_ticker_api.o
    0x0800c5bc   0x0000002e   Code   RO        36215    .text.gpio_dir      BUILD/DISCO_L475VG_IOT01A/ARMC6/mbed-os/targets/TARGET_STM/gpio_api.o
    0x0800c5ea   0x00000002   PAD
    0x0800c5ec   0x00000048   Code   RO        36211    .text.gpio_init     BUILD/DISCO_L475VG_IOT01A/ARMC6/mbed-os/targets/TARGET_STM/gpio_api.o
    0x0800c634   0x00000006   Code   RO        29331    .text.gpio_init_in  BUILD/DISCO_L475VG_IOT01A/ARMC6/mbed-os/hal/source/mbed_gpio.o
    0x0800c63a   0x00000006   Code   RO        29337    .text.gpio_init_out  BUILD/DISCO_L475VG_IOT01A/ARMC6/mbed-os/hal/source/mbed_gpio.o
    0x0800c640   0x00000008   Code   RO        29339    .text.gpio_init_out_ex  BUILD/DISCO_L475VG_IOT01A/ARMC6/mbed-os/hal/source/mbed_gpio.o
    0x0800c648   0x00000008   Code   RO        36221    .text.gpio_irq0     BUILD/DISCO_L475VG_IOT01A/ARMC6/mbed-os/targets/TARGET_STM/gpio_irq_api.o
    0x0800c650   0x00000008   Code   RO        36223    .text.gpio_irq1     BUILD/DISCO_L475VG_IOT01A/ARMC6/mbed-os/targets/TARGET_STM/gpio_irq_api.o
    0x0800c658   0x00000008   Code   RO        36225    .text.gpio_irq2     BUILD/DISCO_L475VG_IOT01A/ARMC6/mbed-os/targets/TARGET_STM/gpio_irq_api.o
    0x0800c660   0x00000008   Code   RO        36227    .text.gpio_irq3     BUILD/DISCO_L475VG_IOT01A/ARMC6/mbed-os/targets/TARGET_STM/gpio_irq_api.o
    0x0800c668   0x00000008   Code   RO        36229    .text.gpio_irq4     BUILD/DISCO_L475VG_IOT01A/ARMC6/mbed-os/targets/TARGET_STM/gpio_irq_api.o
    0x0800c670   0x00000008   Code   RO        36231    .text.gpio_irq5     BUILD/DISCO_L475VG_IOT01A/ARMC6/mbed-os/targets/TARGET_STM/gpio_irq_api.o
    0x0800c678   0x00000008   Code   RO        36233    .text.gpio_irq6     BUILD/DISCO_L475VG_IOT01A/ARMC6/mbed-os/targets/TARGET_STM/gpio_irq_api.o
    0x0800c680   0x000000a4   Code   RO        36239    .text.gpio_irq_disable  BUILD/DISCO_L475VG_IOT01A/ARMC6/mbed-os/targets/TARGET_STM/gpio_irq_api.o
    0x0800c724   0x00000094   Code   RO        36235    .text.gpio_irq_enable  BUILD/DISCO_L475VG_IOT01A/ARMC6/mbed-os/targets/TARGET_STM/gpio_irq_api.o
    0x0800c7b8   0x0000004c   Code   RO        36237    .text.gpio_irq_free  BUILD/DISCO_L475VG_IOT01A/ARMC6/mbed-os/targets/TARGET_STM/gpio_irq_api.o
    0x0800c804   0x00000148   Code   RO        36219    .text.gpio_irq_init  BUILD/DISCO_L475VG_IOT01A/ARMC6/mbed-os/targets/TARGET_STM/gpio_irq_api.o
    0x0800c94c   0x00000068   Code   RO        36241    .text.gpio_irq_set  BUILD/DISCO_L475VG_IOT01A/ARMC6/mbed-os/targets/TARGET_STM/gpio_irq_api.o
    0x0800c9b4   0x00000008   Code   RO        36213    .text.gpio_mode     BUILD/DISCO_L475VG_IOT01A/ARMC6/mbed-os/targets/TARGET_STM/gpio_api.o
    0x0800c9bc   0x00000018   Code   RO        36209    .text.gpio_set      BUILD/DISCO_L475VG_IOT01A/ARMC6/mbed-os/targets/TARGET_STM/gpio_api.o
    0x0800c9d4   0x0000001c   Code   RO        29318    .text.hal_critical_section_enter  BUILD/DISCO_L475VG_IOT01A/ARMC6/mbed-os/hal/source/mbed_critical_section_api.o
    0x0800c9f0   0x00000014   Code   RO        29320    .text.hal_critical_section_exit  BUILD/DISCO_L475VG_IOT01A/ARMC6/mbed-os/hal/source/mbed_critical_section_api.o
    0x0800ca04   0x00000154   Code   RO        36539    .text.hal_deepsleep  BUILD/DISCO_L475VG_IOT01A/ARMC6/mbed-os/targets/TARGET_STM/sleep.o
    0x0800cb58   0x00000020   Code   RO        36537    .text.hal_sleep     BUILD/DISCO_L475VG_IOT01A/ARMC6/mbed-os/targets/TARGET_STM/sleep.o
    0x0800cb78   0x00000094   Code   RO        30079    .text.handle_error  BUILD/DISCO_L475VG_IOT01A/ARMC6/mbed-os/platform/source/mbed_error.o
    0x0800cc0c   0x000000b4   Code   RO        36243    .text.handle_interrupt_in  BUILD/DISCO_L475VG_IOT01A/ARMC6/mbed-os/targets/TARGET_STM/gpio_irq_api.o
    0x0800ccc0   0x000000a8   Code   RO        36615    .text.init_32bit_timer  BUILD/DISCO_L475VG_IOT01A/ARMC6/mbed-os/targets/TARGET_STM/us_ticker.o
    0x0800cd68   0x00000048   Code   RO        36547    .text.init_spi      BUILD/DISCO_L475VG_IOT01A/ARMC6/mbed-os/targets/TARGET_STM/stm_spi_api.o
    0x0800cdb0   0x0000008c   Code   RO        36506    .text.init_uart     BUILD/DISCO_L475VG_IOT01A/ARMC6/mbed-os/targets/TARGET_STM/serial_api.o
    0x0800ce3c   0x000000d0   Code   RO        29415    .text.initialize    BUILD/DISCO_L475VG_IOT01A/ARMC6/mbed-os/hal/source/mbed_ticker_api.o
    0x0800cf0c   0x00000082   Code   RO        10460    .text.ip4tos        BUILD/DISCO_L475VG_IOT01A/ARMC6/mbed-os/connectivity/libraries/nanostack-libservice/source/libip4string/ip4tos.o
    0x0800cf8e   0x00000002   PAD
    0x0800cf90   0x000000bc   Code   RO        10468    .text.ip6tos        BUILD/DISCO_L475VG_IOT01A/ARMC6/mbed-os/connectivity/libraries/nanostack-libservice/source/libip6string/ip6tos.o
    0x0800d04c   0x00000026   Code   RO        30254    .text.isatty        BUILD/DISCO_L475VG_IOT01A/ARMC6/mbed-os/platform/source/mbed_retarget.o
    0x0800d072   0x00000012   Code   RO        28845    .text.isspace       BUILD/DISCO_L475VG_IOT01A/ARMC6/mbed-os/features/frameworks/greentea-client/source/greentea_test_env.o
    0x0800d084   0x00000020   Code   RO        36366    .text.lp_ticker_clear_interrupt  BUILD/DISCO_L475VG_IOT01A/ARMC6/mbed-os/targets/TARGET_STM/lp_ticker.o
    0x0800d0a4   0x0000004c   Code   RO        36358    .text.lp_ticker_disable_interrupt  BUILD/DISCO_L475VG_IOT01A/ARMC6/mbed-os/targets/TARGET_STM/lp_ticker.o
    0x0800d0f0   0x00000024   Code   RO        36368    .text.lp_ticker_fire_interrupt  BUILD/DISCO_L475VG_IOT01A/ARMC6/mbed-os/targets/TARGET_STM/lp_ticker.o
    0x0800d114   0x00000004   Code   RO        36370    .text.lp_ticker_free  BUILD/DISCO_L475VG_IOT01A/ARMC6/mbed-os/targets/TARGET_STM/lp_ticker.o
    0x0800d118   0x00000008   Code   RO        36354    .text.lp_ticker_get_info  BUILD/DISCO_L475VG_IOT01A/ARMC6/mbed-os/targets/TARGET_STM/lp_ticker.o
    0x0800d120   0x00000170   Code   RO        36356    .text.lp_ticker_init  BUILD/DISCO_L475VG_IOT01A/ARMC6/mbed-os/targets/TARGET_STM/lp_ticker.o
    0x0800d290   0x00000014   Code   RO        29361    .text.lp_ticker_irq_handler  BUILD/DISCO_L475VG_IOT01A/ARMC6/mbed-os/hal/source/mbed_lp_ticker_api.o
    0x0800d2a4   0x00000010   Code   RO        36362    .text.lp_ticker_read  BUILD/DISCO_L475VG_IOT01A/ARMC6/mbed-os/targets/TARGET_STM/lp_ticker.o
    0x0800d2b4   0x000000a0   Code   RO        36364    .text.lp_ticker_set_interrupt  BUILD/DISCO_L475VG_IOT01A/ARMC6/mbed-os/targets/TARGET_STM/lp_ticker.o
    0x0800d354   0x00000030   Code   RO        30288    .text.lseek         BUILD/DISCO_L475VG_IOT01A/ARMC6/mbed-os/platform/source/mbed_retarget.o
    0x0800d384   0x00000110   Code   RO          836    .text.main          BUILD/DISCO_L475VG_IOT01A/ARMC6/main.o
    0x0800d494   0x00000060   Code   RO        30053    .text.mbed_die      BUILD/DISCO_L475VG_IOT01A/ARMC6/mbed-os/platform/source/mbed_board.o
    0x0800d4f4   0x00000060   Code   RO        30099    .text.mbed_error    BUILD/DISCO_L475VG_IOT01A/ARMC6/mbed-os/platform/source/mbed_error.o
    0x0800d554   0x00000068   Code   RO        30087    .text.mbed_error_initialize  BUILD/DISCO_L475VG_IOT01A/ARMC6/mbed-os/platform/source/mbed_error.o
    0x0800d5bc   0x00000018   Code   RO        30055    .text.mbed_error_printf  BUILD/DISCO_L475VG_IOT01A/ARMC6/mbed-os/platform/source/mbed_board.o
    0x0800d5d4   0x0000004e   Code   RO        30059    .text.mbed_error_puts  BUILD/DISCO_L475VG_IOT01A/ARMC6/mbed-os/platform/source/mbed_board.o
    0x0800d622   0x00000002   PAD
    0x0800d624   0x00000034   Code   RO        30057    .text.mbed_error_vprintf  BUILD/DISCO_L475VG_IOT01A/ARMC6/mbed-os/platform/source/mbed_board.o
    0x0800d658   0x000000f4   Code   RO        29936    .text.mbed_fault_handler  BUILD/DISCO_L475VG_IOT01A/ARMC6/mbed-os/platform/source/TARGET_CORTEX_M/mbed_fault_handler.o
    0x0800d74c   0x0000000c   Code   RO        30095    .text.mbed_get_error_in_progress  BUILD/DISCO_L475VG_IOT01A/ARMC6/mbed-os/platform/source/mbed_error.o
    0x0800d758   0x00000030   Code   RO        30081    .text.mbed_halt_system  BUILD/DISCO_L475VG_IOT01A/ARMC6/mbed-os/platform/source/mbed_error.o
    0x0800d788   0x0000003c   Code   RO         1426    .text.mbed_init     BUILD/DISCO_L475VG_IOT01A/ARMC6/mbed-os/cmsis/device/rtos/source/mbed_boot.o
    0x0800d7c4   0x00000318   Code   RO        30608    .text.mbed_minimal_formatted_string  BUILD/DISCO_L475VG_IOT01A/ARMC6/mbed-os/platform/source/minimal-printf/mbed_printf_implementation.o
    0x0800dadc   0x000000ac   Code   RO        30612    .text.mbed_minimal_formatted_string_hexadecimal  BUILD/DISCO_L475VG_IOT01A/ARMC6/mbed-os/platform/source/minimal-printf/mbed_printf_implementation.o
    0x0800db88   0x00000082   Code   RO        30610    .text.mbed_minimal_formatted_string_unsigned  BUILD/DISCO_L475VG_IOT01A/ARMC6/mbed-os/platform/source/minimal-printf/mbed_printf_implementation.o
    0x0800dc0a   0x00000002   PAD
    0x0800dc0c   0x0000003c   Code   RO        30614    .text.mbed_minimal_putchar  BUILD/DISCO_L475VG_IOT01A/ARMC6/mbed-os/platform/source/minimal-printf/mbed_printf_implementation.o
    0x0800dc48   0x00000064   Code   RO        29457    .text.mbed_mpu_init  BUILD/DISCO_L475VG_IOT01A/ARMC6/mbed-os/hal/source/mpu/mbed_mpu_v7m.o
    0x0800dcac   0x00000004   Code   RO         1442    .text.mbed_rtos_init  BUILD/DISCO_L475VG_IOT01A/ARMC6/mbed-os/cmsis/device/rtos/source/mbed_rtos_rtx.o
    0x0800dcb0   0x00000024   Code   RO         1446    .text.mbed_rtos_init_singleton_mutex  BUILD/DISCO_L475VG_IOT01A/ARMC6/mbed-os/cmsis/device/rtos/source/mbed_rtos_rtx.o
    0x0800dcd4   0x00000068   Code   RO         1444    .text.mbed_rtos_start  BUILD/DISCO_L475VG_IOT01A/ARMC6/mbed-os/cmsis/device/rtos/source/mbed_rtos_rtx.o
    0x0800dd3c   0x00000080   Code   RO        36387    .text.mbed_sdk_init  BUILD/DISCO_L475VG_IOT01A/ARMC6/mbed-os/targets/TARGET_STM/mbed_overrides.o
    0x0800ddbc   0x0000001e   Code   RO         1430    .text.mbed_start    BUILD/DISCO_L475VG_IOT01A/ARMC6/mbed-os/cmsis/device/rtos/source/mbed_boot.o
    0x0800ddda   0x0000001e   Code   RO        27112    .text.mbed_tiny_compute_crc32  BUILD/DISCO_L475VG_IOT01A/ARMC6/mbed-os/drivers/source/MbedCRC.o
    0x0800ddf8   0x00000018   Code   RO         1406    .text.mbed_toolchain_init  BUILD/DISCO_L475VG_IOT01A/ARMC6/mbed-os/cmsis/device/rtos/TOOLCHAIN_ARM_STD/mbed_boot_arm_std.o
    0x0800de10   0x00000024   Code   RO        10450    .text.ns_list_remove_  BUILD/DISCO_L475VG_IOT01A/ARMC6/mbed-os/connectivity/libraries/nanostack-libservice/source/libList/ns_list.o
    0x0800de34   0x00000054   Code   RO        25973    .text.nsapi_dns_add_server  BUILD/DISCO_L475VG_IOT01A/ARMC6/mbed-os/connectivity/netsocket/source/nsapi_dns.o
    0x0800de88   0x00000084   Code   RO        30262    .text.open          BUILD/DISCO_L475VG_IOT01A/ARMC6/mbed-os/platform/source/mbed_retarget.o
    0x0800df0c   0x00000030   Code   RO          901    .text.osDelay       BUILD/DISCO_L475VG_IOT01A/ARMC6/mbed-os/cmsis/CMSIS_5/CMSIS/RTOS2/RTX/Source/rtx_delay.o
    0x0800df3c   0x00000030   Code   RO          927    .text.osEventFlagsDelete  BUILD/DISCO_L475VG_IOT01A/ARMC6/mbed-os/cmsis/CMSIS_5/CMSIS/RTOS2/RTX/Source/rtx_evflags.o
    0x0800df6c   0x00000034   Code   RO          911    .text.osEventFlagsNew  BUILD/DISCO_L475VG_IOT01A/ARMC6/mbed-os/cmsis/CMSIS_5/CMSIS/RTOS2/RTX/Source/rtx_evflags.o
    0x0800dfa0   0x00000058   Code   RO          915    .text.osEventFlagsSet  BUILD/DISCO_L475VG_IOT01A/ARMC6/mbed-os/cmsis/CMSIS_5/CMSIS/RTOS2/RTX/Source/rtx_evflags.o
    0x0800dff8   0x00000050   Code   RO          925    .text.osEventFlagsWait  BUILD/DISCO_L475VG_IOT01A/ARMC6/mbed-os/cmsis/CMSIS_5/CMSIS/RTOS2/RTX/Source/rtx_evflags.o
    0x0800e048   0x0000002c   Code   RO          981    .text.osKernelGetState  BUILD/DISCO_L475VG_IOT01A/ARMC6/mbed-os/cmsis/CMSIS_5/CMSIS/RTOS2/RTX/Source/rtx_kernel.o
    0x0800e074   0x00000028   Code   RO          997    .text.osKernelGetTickCount  BUILD/DISCO_L475VG_IOT01A/ARMC6/mbed-os/cmsis/CMSIS_5/CMSIS/RTOS2/RTX/Source/rtx_kernel.o
    0x0800e09c   0x00000034   Code   RO          975    .text.osKernelInitialize  BUILD/DISCO_L475VG_IOT01A/ARMC6/mbed-os/cmsis/CMSIS_5/CMSIS/RTOS2/RTX/Source/rtx_kernel.o
    0x0800e0d0   0x00000028   Code   RO          995    .text.osKernelResume  BUILD/DISCO_L475VG_IOT01A/ARMC6/mbed-os/cmsis/CMSIS_5/CMSIS/RTOS2/RTX/Source/rtx_kernel.o
    0x0800e0f8   0x00000030   Code   RO          985    .text.osKernelStart  BUILD/DISCO_L475VG_IOT01A/ARMC6/mbed-os/cmsis/CMSIS_5/CMSIS/RTOS2/RTX/Source/rtx_kernel.o
    0x0800e128   0x0000002c   Code   RO          993    .text.osKernelSuspend  BUILD/DISCO_L475VG_IOT01A/ARMC6/mbed-os/cmsis/CMSIS_5/CMSIS/RTOS2/RTX/Source/rtx_kernel.o
    0x0800e154   0x00000078   Code   RO         1107    .text.osMessageQueueGet  BUILD/DISCO_L475VG_IOT01A/ARMC6/mbed-os/cmsis/CMSIS_5/CMSIS/RTOS2/RTX/Source/rtx_msgqueue.o
    0x0800e1cc   0x00000034   Code   RO         1101    .text.osMessageQueueNew  BUILD/DISCO_L475VG_IOT01A/ARMC6/mbed-os/cmsis/CMSIS_5/CMSIS/RTOS2/RTX/Source/rtx_msgqueue.o
    0x0800e200   0x0000007c   Code   RO         1105    .text.osMessageQueuePut  BUILD/DISCO_L475VG_IOT01A/ARMC6/mbed-os/cmsis/CMSIS_5/CMSIS/RTOS2/RTX/Source/rtx_msgqueue.o
    0x0800e27c   0x00000030   Code   RO         1159    .text.osMutexAcquire  BUILD/DISCO_L475VG_IOT01A/ARMC6/mbed-os/cmsis/CMSIS_5/CMSIS/RTOS2/RTX/Source/rtx_mutex.o
    0x0800e2ac   0x00000030   Code   RO         1165    .text.osMutexDelete  BUILD/DISCO_L475VG_IOT01A/ARMC6/mbed-os/cmsis/CMSIS_5/CMSIS/RTOS2/RTX/Source/rtx_mutex.o
    0x0800e2dc   0x00000034   Code   RO         1155    .text.osMutexNew    BUILD/DISCO_L475VG_IOT01A/ARMC6/mbed-os/cmsis/CMSIS_5/CMSIS/RTOS2/RTX/Source/rtx_mutex.o
    0x0800e310   0x00000030   Code   RO         1161    .text.osMutexRelease  BUILD/DISCO_L475VG_IOT01A/ARMC6/mbed-os/cmsis/CMSIS_5/CMSIS/RTOS2/RTX/Source/rtx_mutex.o
    0x0800e340   0x00000050   Code   RO         1461    .text.osRtxErrorNotify  BUILD/DISCO_L475VG_IOT01A/ARMC6/mbed-os/cmsis/device/rtos/source/mbed_rtx_handlers.o
    0x0800e390   0x00000032   Code   RO          931    .text.osRtxEventFlagsPostProcess  BUILD/DISCO_L475VG_IOT01A/ARMC6/mbed-os/cmsis/CMSIS_5/CMSIS/RTOS2/RTX/Source/rtx_evflags.o
    0x0800e3c2   0x00000004   Code   RO         1459    .text.osRtxIdleThread  BUILD/DISCO_L475VG_IOT01A/ARMC6/mbed-os/cmsis/device/rtos/source/mbed_rtx_handlers.o
    0x0800e3c6   0x00000070   Code   RO         1049    .text.osRtxMemoryAlloc  BUILD/DISCO_L475VG_IOT01A/ARMC6/mbed-os/cmsis/CMSIS_5/CMSIS/RTOS2/RTX/Source/rtx_memory.o
    0x0800e436   0x00000048   Code   RO         1051    .text.osRtxMemoryFree  BUILD/DISCO_L475VG_IOT01A/ARMC6/mbed-os/cmsis/CMSIS_5/CMSIS/RTOS2/RTX/Source/rtx_memory.o
    0x0800e47e   0x0000003c   Code   RO         1047    .text.osRtxMemoryInit  BUILD/DISCO_L475VG_IOT01A/ARMC6/mbed-os/cmsis/CMSIS_5/CMSIS/RTOS2/RTX/Source/rtx_memory.o
    0x0800e4ba   0x0000003a   Code   RO         1057    .text.osRtxMemoryPoolAlloc  BUILD/DISCO_L475VG_IOT01A/ARMC6/mbed-os/cmsis/CMSIS_5/CMSIS/RTOS2/RTX/Source/rtx_mempool.o
    0x0800e4f4   0x0000004a   Code   RO         1059    .text.osRtxMemoryPoolFree  BUILD/DISCO_L475VG_IOT01A/ARMC6/mbed-os/cmsis/CMSIS_5/CMSIS/RTOS2/RTX/Source/rtx_mempool.o
    0x0800e53e   0x00000036   Code   RO         1055    .text.osRtxMemoryPoolInit  BUILD/DISCO_L475VG_IOT01A/ARMC6/mbed-os/cmsis/CMSIS_5/CMSIS/RTOS2/RTX/Source/rtx_mempool.o
    0x0800e574   0x000000ba   Code   RO         1131    .text.osRtxMessageQueuePostProcess  BUILD/DISCO_L475VG_IOT01A/ARMC6/mbed-os/cmsis/CMSIS_5/CMSIS/RTOS2/RTX/Source/rtx_msgqueue.o
    0x0800e62e   0x00000048   Code   RO         1151    .text.osRtxMutexOwnerRelease  BUILD/DISCO_L475VG_IOT01A/ARMC6/mbed-os/cmsis/CMSIS_5/CMSIS/RTOS2/RTX/Source/rtx_mutex.o
    0x0800e676   0x00000042   Code   RO         1153    .text.osRtxMutexOwnerRestore  BUILD/DISCO_L475VG_IOT01A/ARMC6/mbed-os/cmsis/CMSIS_5/CMSIS/RTOS2/RTX/Source/rtx_mutex.o
    0x0800e6b8   0x00000088   Code   RO         1213    .text.osRtxPendSV_Handler  BUILD/DISCO_L475VG_IOT01A/ARMC6/mbed-os/cmsis/CMSIS_5/CMSIS/RTOS2/RTX/Source/rtx_system.o
    0x0800e740   0x00000070   Code   RO         1215    .text.osRtxPostProcess  BUILD/DISCO_L475VG_IOT01A/ARMC6/mbed-os/cmsis/CMSIS_5/CMSIS/RTOS2/RTX/Source/rtx_system.o
    0x0800e7b0   0x00000036   Code   RO         1197    .text.osRtxSemaphorePostProcess  BUILD/DISCO_L475VG_IOT01A/ARMC6/mbed-os/cmsis/CMSIS_5/CMSIS/RTOS2/RTX/Source/rtx_semaphore.o
    0x0800e7e6   0x00000002   PAD
    0x0800e7e8   0x00000034   Code   RO         1241    .text.osRtxThreadBlock  BUILD/DISCO_L475VG_IOT01A/ARMC6/mbed-os/cmsis/CMSIS_5/CMSIS/RTOS2/RTX/Source/rtx_thread.o
    0x0800e81c   0x00000074   Code   RO         1249    .text.osRtxThreadDelayInsert  BUILD/DISCO_L475VG_IOT01A/ARMC6/mbed-os/cmsis/CMSIS_5/CMSIS/RTOS2/RTX/Source/rtx_thread.o
    0x0800e890   0x00000038   Code   RO         1245    .text.osRtxThreadDelayRemove  BUILD/DISCO_L475VG_IOT01A/ARMC6/mbed-os/cmsis/CMSIS_5/CMSIS/RTOS2/RTX/Source/rtx_thread.o
    0x0800e8c8   0x00000048   Code   RO         1229    .text.osRtxThreadDelayTick  BUILD/DISCO_L475VG_IOT01A/ARMC6/mbed-os/cmsis/CMSIS_5/CMSIS/RTOS2/RTX/Source/rtx_thread.o
    0x0800e910   0x00000054   Code   RO         1239    .text.osRtxThreadDispatch  BUILD/DISCO_L475VG_IOT01A/ARMC6/mbed-os/cmsis/CMSIS_5/CMSIS/RTOS2/RTX/Source/rtx_thread.o
    0x0800e964   0x00000054   Code   RO         1325    .text.osRtxThreadFree  BUILD/DISCO_L475VG_IOT01A/ARMC6/mbed-os/cmsis/CMSIS_5/CMSIS/RTOS2/RTX/Source/rtx_thread.o
    0x0800e9b8   0x00000012   Code   RO         1221    .text.osRtxThreadListGet  BUILD/DISCO_L475VG_IOT01A/ARMC6/mbed-os/cmsis/CMSIS_5/CMSIS/RTOS2/RTX/Source/rtx_thread.o
    0x0800e9ca   0x0000002c   Code   RO         1219    .text.osRtxThreadListPut  BUILD/DISCO_L475VG_IOT01A/ARMC6/mbed-os/cmsis/CMSIS_5/CMSIS/RTOS2/RTX/Source/rtx_thread.o
    0x0800e9f6   0x00000014   Code   RO         1225    .text.osRtxThreadListRemove  BUILD/DISCO_L475VG_IOT01A/ARMC6/mbed-os/cmsis/CMSIS_5/CMSIS/RTOS2/RTX/Source/rtx_thread.o
    0x0800ea0a   0x0000000c   Code   RO         1231    .text.osRtxThreadListRoot  BUILD/DISCO_L475VG_IOT01A/ARMC6/mbed-os/cmsis/CMSIS_5/CMSIS/RTOS2/RTX/Source/rtx_thread.o
    0x0800ea16   0x00000026   Code   RO         1223    .text.osRtxThreadListSort  BUILD/DISCO_L475VG_IOT01A/ARMC6/mbed-os/cmsis/CMSIS_5/CMSIS/RTOS2/RTX/Source/rtx_thread.o
    0x0800ea3c   0x00000028   Code   RO         1299    .text.osRtxThreadPostProcess  BUILD/DISCO_L475VG_IOT01A/ARMC6/mbed-os/cmsis/CMSIS_5/CMSIS/RTOS2/RTX/Source/rtx_thread.o
    0x0800ea64   0x00000014   Code   RO         1227    .text.osRtxThreadReadyPut  BUILD/DISCO_L475VG_IOT01A/ARMC6/mbed-os/cmsis/CMSIS_5/CMSIS/RTOS2/RTX/Source/rtx_thread.o
    0x0800ea78   0x00000014   Code   RO         1233    .text.osRtxThreadRegPtr  BUILD/DISCO_L475VG_IOT01A/ARMC6/mbed-os/cmsis/CMSIS_5/CMSIS/RTOS2/RTX/Source/rtx_thread.o
    0x0800ea8c   0x00000024   Code   RO         1237    .text.osRtxThreadStackCheck  BUILD/DISCO_L475VG_IOT01A/ARMC6/mbed-os/cmsis/CMSIS_5/CMSIS/RTOS2/RTX/Source/rtx_thread.o
    0x0800eab0   0x00000038   Code   RO         1251    .text.osRtxThreadStartup  BUILD/DISCO_L475VG_IOT01A/ARMC6/mbed-os/cmsis/CMSIS_5/CMSIS/RTOS2/RTX/Source/rtx_thread.o
    0x0800eae8   0x00000010   Code   RO         1235    .text.osRtxThreadSwitch  BUILD/DISCO_L475VG_IOT01A/ARMC6/mbed-os/cmsis/CMSIS_5/CMSIS/RTOS2/RTX/Source/rtx_thread.o
    0x0800eaf8   0x00000038   Code   RO         1247    .text.osRtxThreadWaitEnter  BUILD/DISCO_L475VG_IOT01A/ARMC6/mbed-os/cmsis/CMSIS_5/CMSIS/RTOS2/RTX/Source/rtx_thread.o
    0x0800eb30   0x00000030   Code   RO         1243    .text.osRtxThreadWaitExit  BUILD/DISCO_L475VG_IOT01A/ARMC6/mbed-os/cmsis/CMSIS_5/CMSIS/RTOS2/RTX/Source/rtx_thread.o
    0x0800eb60   0x00000074   Code   RO         1211    .text.osRtxTick_Handler  BUILD/DISCO_L475VG_IOT01A/ARMC6/mbed-os/cmsis/CMSIS_5/CMSIS/RTOS2/RTX/Source/rtx_system.o
    0x0800ebd4   0x0000003c   Code   RO         1347    .text.osRtxTimerThread  BUILD/DISCO_L475VG_IOT01A/ARMC6/mbed-os/cmsis/CMSIS_5/CMSIS/RTOS2/RTX/Source/rtx_timer.o
    0x0800ec10   0x00000054   Code   RO         1349    .text.osRtxTimerTick  BUILD/DISCO_L475VG_IOT01A/ARMC6/mbed-os/cmsis/CMSIS_5/CMSIS/RTOS2/RTX/Source/rtx_timer.o
    0x0800ec64   0x00000030   Code   RO         1193    .text.osSemaphoreDelete  BUILD/DISCO_L475VG_IOT01A/ARMC6/mbed-os/cmsis/CMSIS_5/CMSIS/RTOS2/RTX/Source/rtx_semaphore.o
    0x0800ec94   0x00000034   Code   RO         1181    .text.osSemaphoreNew  BUILD/DISCO_L475VG_IOT01A/ARMC6/mbed-os/cmsis/CMSIS_5/CMSIS/RTOS2/RTX/Source/rtx_semaphore.o
    0x0800ecc8   0x00000060   Code   RO         1187    .text.osSemaphoreRelease  BUILD/DISCO_L475VG_IOT01A/ARMC6/mbed-os/cmsis/CMSIS_5/CMSIS/RTOS2/RTX/Source/rtx_semaphore.o
    0x0800ed28   0x0000001c   Code   RO         1283    .text.osThreadExit  BUILD/DISCO_L475VG_IOT01A/ARMC6/mbed-os/cmsis/CMSIS_5/CMSIS/RTOS2/RTX/Source/rtx_thread.o
    0x0800ed44   0x00000028   Code   RO         1259    .text.osThreadGetId  BUILD/DISCO_L475VG_IOT01A/ARMC6/mbed-os/cmsis/CMSIS_5/CMSIS/RTOS2/RTX/Source/rtx_thread.o
    0x0800ed6c   0x00000034   Code   RO         1255    .text.osThreadNew   BUILD/DISCO_L475VG_IOT01A/ARMC6/mbed-os/cmsis/CMSIS_5/CMSIS/RTOS2/RTX/Source/rtx_thread.o
    0x0800eda0   0x00000038   Code   RO         1285    .text.osThreadTerminate  BUILD/DISCO_L475VG_IOT01A/ARMC6/mbed-os/cmsis/CMSIS_5/CMSIS/RTOS2/RTX/Source/rtx_thread.o
    0x0800edd8   0x00000020   Code   RO         1410    .text.os_kernel_is_active  BUILD/DISCO_L475VG_IOT01A/ARMC6/mbed-os/cmsis/device/rtos/TOOLCHAIN_ARM_STD/mbed_boot_arm_std.o
    0x0800edf8   0x000000e8   Code   RO        36393    .text.pin_function  BUILD/DISCO_L475VG_IOT01A/ARMC6/mbed-os/targets/TARGET_STM/pinmap.o
    0x0800eee0   0x00000074   Code   RO        36397    .text.pin_mode      BUILD/DISCO_L475VG_IOT01A/ARMC6/mbed-os/targets/TARGET_STM/pinmap.o
    0x0800ef54   0x00000022   Code   RO        29378    .text.pinmap_find_function  BUILD/DISCO_L475VG_IOT01A/ARMC6/mbed-os/hal/source/mbed_pinmap_common.o
    0x0800ef76   0x00000022   Code   RO        29374    .text.pinmap_find_peripheral  BUILD/DISCO_L475VG_IOT01A/ARMC6/mbed-os/hal/source/mbed_pinmap_common.o
    0x0800ef98   0x00000024   Code   RO        29372    .text.pinmap_merge  BUILD/DISCO_L475VG_IOT01A/ARMC6/mbed-os/hal/source/mbed_pinmap_common.o
    0x0800efbc   0x00000030   Code   RO        29376    .text.pinmap_peripheral  BUILD/DISCO_L475VG_IOT01A/ARMC6/mbed-os/hal/source/mbed_pinmap_common.o
    0x0800efec   0x0000015c   Code   RO        29938    .text.print_context_info  BUILD/DISCO_L475VG_IOT01A/ARMC6/mbed-os/platform/source/TARGET_CORTEX_M/mbed_fault_handler.o
    0x0800f148   0x00000014   Code   RO        36631    .text.restore_timer_ctx  BUILD/DISCO_L475VG_IOT01A/ARMC6/mbed-os/targets/TARGET_STM/us_ticker.o
    0x0800f15c   0x0000000c   Code   RO         1492    .text.rtos_idle_loop  BUILD/DISCO_L475VG_IOT01A/ARMC6/mbed-os/cmsis/device/rtos/source/mbed_rtx_idle.o
    0x0800f168   0x0000001c   Code   RO        36629    .text.save_timer_ctx  BUILD/DISCO_L475VG_IOT01A/ARMC6/mbed-os/targets/TARGET_STM/us_ticker.o
    0x0800f184   0x000000d4   Code   RO        29421    .text.schedule_interrupt  BUILD/DISCO_L475VG_IOT01A/ARMC6/mbed-os/hal/source/mbed_ticker_api.o
    0x0800f258   0x0000007c   Code   RO        36512    .text.serial_baud   BUILD/DISCO_L475VG_IOT01A/ARMC6/mbed-os/targets/TARGET_STM/serial_api.o
    0x0800f2d4   0x00000068   Code   RO        36004    .text.serial_getc   BUILD/DISCO_L475VG_IOT01A/ARMC6/mbed-os/targets/TARGET_STM/TARGET_STM32L4/serial_device.o
    0x0800f33c   0x00000108   Code   RO        36502    .text.serial_init_direct  BUILD/DISCO_L475VG_IOT01A/ARMC6/mbed-os/targets/TARGET_STM/serial_api.o
    0x0800f444   0x00000084   Code   RO        36532    .text.serial_is_tx_ongoing  BUILD/DISCO_L475VG_IOT01A/ARMC6/mbed-os/targets/TARGET_STM/serial_api.o
    0x0800f4c8   0x00000020   Code   RO        36006    .text.serial_putc   BUILD/DISCO_L475VG_IOT01A/ARMC6/mbed-os/targets/TARGET_STM/TARGET_STM32L4/serial_device.o
    0x0800f4e8   0x0000001c   Code   RO        36524    .text.serial_readable  BUILD/DISCO_L475VG_IOT01A/ARMC6/mbed-os/targets/TARGET_STM/serial_api.o
    0x0800f504   0x00000014   Code   RO        36526    .text.serial_writable  BUILD/DISCO_L475VG_IOT01A/ARMC6/mbed-os/targets/TARGET_STM/serial_api.o
    0x0800f518   0x00000024   Code   RO        30213    .text.sleep_manager_lock_deep_sleep_internal  BUILD/DISCO_L475VG_IOT01A/ARMC6/mbed-os/platform/source/mbed_power_mgmt.o
    0x0800f53c   0x00000020   Code   RO        30221    .text.sleep_manager_sleep_auto  BUILD/DISCO_L475VG_IOT01A/ARMC6/mbed-os/platform/source/mbed_power_mgmt.o
    0x0800f55c   0x00000030   Code   RO        30215    .text.sleep_manager_unlock_deep_sleep_internal  BUILD/DISCO_L475VG_IOT01A/ARMC6/mbed-os/platform/source/mbed_power_mgmt.o
    0x0800f58c   0x00000084   Code   RO        36557    .text.spi_format    BUILD/DISCO_L475VG_IOT01A/ARMC6/mbed-os/targets/TARGET_STM/stm_spi_api.o
    0x0800f610   0x00000050   Code   RO        36559    .text.spi_frequency  BUILD/DISCO_L475VG_IOT01A/ARMC6/mbed-os/targets/TARGET_STM/stm_spi_api.o
    0x0800f660   0x00000054   Code   RO        36040    .text.spi_get_clock_freq  BUILD/DISCO_L475VG_IOT01A/ARMC6/mbed-os/targets/TARGET_STM/TARGET_STM32L4/spi_api.o
    0x0800f6b4   0x0000004c   Code   RO        36549    .text.spi_get_peripheral_name  BUILD/DISCO_L475VG_IOT01A/ARMC6/mbed-os/targets/TARGET_STM/stm_spi_api.o
    0x0800f700   0x000000b4   Code   RO        36553    .text.spi_init      BUILD/DISCO_L475VG_IOT01A/ARMC6/mbed-os/targets/TARGET_STM/stm_spi_api.o
    0x0800f7b4   0x0000014c   Code   RO        36551    .text.spi_init_direct  BUILD/DISCO_L475VG_IOT01A/ARMC6/mbed-os/targets/TARGET_STM/stm_spi_api.o
    0x0800f900   0x0000007e   Code   RO        36563    .text.spi_master_block_write  BUILD/DISCO_L475VG_IOT01A/ARMC6/mbed-os/targets/TARGET_STM/stm_spi_api.o
    0x0800f97e   0x00000056   Code   RO        36561    .text.spi_master_write  BUILD/DISCO_L475VG_IOT01A/ARMC6/mbed-os/targets/TARGET_STM/stm_spi_api.o
    0x0800f9d4   0x0000003c   Code   RO        36395    .text.stm_pin_PullConfig  BUILD/DISCO_L475VG_IOT01A/ARMC6/mbed-os/targets/TARGET_STM/pinmap.o
    0x0800fa10   0x00000062   Code   RO        10464    .text.stoip4        BUILD/DISCO_L475VG_IOT01A/ARMC6/mbed-os/connectivity/libraries/nanostack-libservice/source/libip4string/stoip4.o
    0x0800fa72   0x00000128   Code   RO        10474    .text.stoip6        BUILD/DISCO_L475VG_IOT01A/ARMC6/mbed-os/connectivity/libraries/nanostack-libservice/source/libip6string/stoip6.o
    0x0800fb9a   0x00000014   Code   RO          905    .text.svcRtxDelay   BUILD/DISCO_L475VG_IOT01A/ARMC6/mbed-os/cmsis/CMSIS_5/CMSIS/RTOS2/RTX/Source/rtx_delay.o
    0x0800fbae   0x00000002   PAD
    0x0800fbb0   0x00000068   Code   RO          941    .text.svcRtxEventFlagsDelete  BUILD/DISCO_L475VG_IOT01A/ARMC6/mbed-os/cmsis/CMSIS_5/CMSIS/RTOS2/RTX/Source/rtx_evflags.o
    0x0800fc18   0x00000074   Code   RO          929    .text.svcRtxEventFlagsNew  BUILD/DISCO_L475VG_IOT01A/ARMC6/mbed-os/cmsis/CMSIS_5/CMSIS/RTOS2/RTX/Source/rtx_evflags.o
    0x0800fc8c   0x00000080   Code   RO          937    .text.svcRtxEventFlagsSet  BUILD/DISCO_L475VG_IOT01A/ARMC6/mbed-os/cmsis/CMSIS_5/CMSIS/RTOS2/RTX/Source/rtx_evflags.o
    0x0800fd0c   0x00000064   Code   RO          939    .text.svcRtxEventFlagsWait  BUILD/DISCO_L475VG_IOT01A/ARMC6/mbed-os/cmsis/CMSIS_5/CMSIS/RTOS2/RTX/Source/rtx_evflags.o
    0x0800fd70   0x00000008   Code   RO          983    .text.svcRtxKernelGetState  BUILD/DISCO_L475VG_IOT01A/ARMC6/mbed-os/cmsis/CMSIS_5/CMSIS/RTOS2/RTX/Source/rtx_kernel.o
    0x0800fd78   0x00000008   Code   RO          999    .text.svcRtxKernelGetTickCount  BUILD/DISCO_L475VG_IOT01A/ARMC6/mbed-os/cmsis/CMSIS_5/CMSIS/RTOS2/RTX/Source/rtx_kernel.o
    0x0800fd80   0x00000150   Code   RO         1013    .text.svcRtxKernelInitialize  BUILD/DISCO_L475VG_IOT01A/ARMC6/mbed-os/cmsis/CMSIS_5/CMSIS/RTOS2/RTX/Source/rtx_kernel.o
    0x0800fed0   0x00000088   Code   RO         1025    .text.svcRtxKernelResume  BUILD/DISCO_L475VG_IOT01A/ARMC6/mbed-os/cmsis/CMSIS_5/CMSIS/RTOS2/RTX/Source/rtx_kernel.o
    0x0800ff58   0x000000a0   Code   RO         1015    .text.svcRtxKernelStart  BUILD/DISCO_L475VG_IOT01A/ARMC6/mbed-os/cmsis/CMSIS_5/CMSIS/RTOS2/RTX/Source/rtx_kernel.o
    0x0800fff8   0x00000058   Code   RO         1023    .text.svcRtxKernelSuspend  BUILD/DISCO_L475VG_IOT01A/ARMC6/mbed-os/cmsis/CMSIS_5/CMSIS/RTOS2/RTX/Source/rtx_kernel.o
    0x08010050   0x000000e0   Code   RO         1143    .text.svcRtxMessageQueueGet  BUILD/DISCO_L475VG_IOT01A/ARMC6/mbed-os/cmsis/CMSIS_5/CMSIS/RTOS2/RTX/Source/rtx_msgqueue.o
    0x08010130   0x0000013c   Code   RO         1129    .text.svcRtxMessageQueueNew  BUILD/DISCO_L475VG_IOT01A/ARMC6/mbed-os/cmsis/CMSIS_5/CMSIS/RTOS2/RTX/Source/rtx_msgqueue.o
    0x0801026c   0x000000c0   Code   RO         1139    .text.svcRtxMessageQueuePut  BUILD/DISCO_L475VG_IOT01A/ARMC6/mbed-os/cmsis/CMSIS_5/CMSIS/RTOS2/RTX/Source/rtx_msgqueue.o
    0x0801032c   0x000000b0   Code   RO         1171    .text.svcRtxMutexAcquire  BUILD/DISCO_L475VG_IOT01A/ARMC6/mbed-os/cmsis/CMSIS_5/CMSIS/RTOS2/RTX/Source/rtx_mutex.o
    0x080103dc   0x000000b8   Code   RO         1177    .text.svcRtxMutexDelete  BUILD/DISCO_L475VG_IOT01A/ARMC6/mbed-os/cmsis/CMSIS_5/CMSIS/RTOS2/RTX/Source/rtx_mutex.o
    0x08010494   0x00000078   Code   RO         1167    .text.svcRtxMutexNew  BUILD/DISCO_L475VG_IOT01A/ARMC6/mbed-os/cmsis/CMSIS_5/CMSIS/RTOS2/RTX/Source/rtx_mutex.o
    0x0801050c   0x000000d4   Code   RO         1173    .text.svcRtxMutexRelease  BUILD/DISCO_L475VG_IOT01A/ARMC6/mbed-os/cmsis/CMSIS_5/CMSIS/RTOS2/RTX/Source/rtx_mutex.o
    0x080105e0   0x0000006c   Code   RO         1207    .text.svcRtxSemaphoreDelete  BUILD/DISCO_L475VG_IOT01A/ARMC6/mbed-os/cmsis/CMSIS_5/CMSIS/RTOS2/RTX/Source/rtx_semaphore.o
    0x0801064c   0x00000098   Code   RO         1195    .text.svcRtxSemaphoreNew  BUILD/DISCO_L475VG_IOT01A/ARMC6/mbed-os/cmsis/CMSIS_5/CMSIS/RTOS2/RTX/Source/rtx_semaphore.o
    0x080106e4   0x00000050   Code   RO         1205    .text.svcRtxSemaphoreRelease  BUILD/DISCO_L475VG_IOT01A/ARMC6/mbed-os/cmsis/CMSIS_5/CMSIS/RTOS2/RTX/Source/rtx_semaphore.o
    0x08010734   0x00000064   Code   RO         1329    .text.svcRtxThreadExit  BUILD/DISCO_L475VG_IOT01A/ARMC6/mbed-os/cmsis/CMSIS_5/CMSIS/RTOS2/RTX/Source/rtx_thread.o
    0x08010798   0x0000000c   Code   RO         1261    .text.svcRtxThreadGetId  BUILD/DISCO_L475VG_IOT01A/ARMC6/mbed-os/cmsis/CMSIS_5/CMSIS/RTOS2/RTX/Source/rtx_thread.o
    0x080107a4   0x000001fc   Code   RO         1253    .text.svcRtxThreadNew  BUILD/DISCO_L475VG_IOT01A/ARMC6/mbed-os/cmsis/CMSIS_5/CMSIS/RTOS2/RTX/Source/rtx_thread.o
    0x080109a0   0x000000c8   Code   RO         1331    .text.svcRtxThreadTerminate  BUILD/DISCO_L475VG_IOT01A/ARMC6/mbed-os/cmsis/CMSIS_5/CMSIS/RTOS2/RTX/Source/rtx_thread.o
    0x08010a68   0x00000004   Code   RO        30101    .text.system_reset  BUILD/DISCO_L475VG_IOT01A/ARMC6/mbed-os/platform/source/mbed_error.o
    0x08010a6c   0x00000066   Code   RO        29425    .text.ticker_insert_event_us  BUILD/DISCO_L475VG_IOT01A/ARMC6/mbed-os/hal/source/mbed_ticker_api.o
    0x08010ad2   0x00000060   Code   RO        29417    .text.ticker_irq_handler  BUILD/DISCO_L475VG_IOT01A/ARMC6/mbed-os/hal/source/mbed_ticker_api.o
    0x08010b32   0x00000008   Code   RO        29429    .text.ticker_read   BUILD/DISCO_L475VG_IOT01A/ARMC6/mbed-os/hal/source/mbed_ticker_api.o
    0x08010b3a   0x00000022   Code   RO        29431    .text.ticker_read_us  BUILD/DISCO_L475VG_IOT01A/ARMC6/mbed-os/hal/source/mbed_ticker_api.o
    0x08010b5c   0x00000034   Code   RO        29427    .text.ticker_remove_event  BUILD/DISCO_L475VG_IOT01A/ARMC6/mbed-os/hal/source/mbed_ticker_api.o
    0x08010b90   0x0000001a   Code   RO        29413    .text.ticker_set_handler  BUILD/DISCO_L475VG_IOT01A/ARMC6/mbed-os/hal/source/mbed_ticker_api.o
    0x08010baa   0x00000002   PAD
    0x08010bac   0x00000024   Code   RO        36613    .text.timer_irq_handler  BUILD/DISCO_L475VG_IOT01A/ARMC6/mbed-os/targets/TARGET_STM/us_ticker.o
    0x08010bd0   0x000000c0   Code   RO        29419    .text.update_present_time  BUILD/DISCO_L475VG_IOT01A/ARMC6/mbed-os/hal/source/mbed_ticker_api.o
    0x08010c90   0x0000000c   Code   RO        36627    .text.us_ticker_clear_interrupt  BUILD/DISCO_L475VG_IOT01A/ARMC6/mbed-os/targets/TARGET_STM/us_ticker.o
    0x08010c9c   0x00000010   Code   RO        36625    .text.us_ticker_disable_interrupt  BUILD/DISCO_L475VG_IOT01A/ARMC6/mbed-os/targets/TARGET_STM/us_ticker.o
    0x08010cac   0x0000001c   Code   RO        36623    .text.us_ticker_fire_interrupt  BUILD/DISCO_L475VG_IOT01A/ARMC6/mbed-os/targets/TARGET_STM/us_ticker.o
    0x08010cc8   0x00000008   Code   RO        36611    .text.us_ticker_get_info  BUILD/DISCO_L475VG_IOT01A/ARMC6/mbed-os/targets/TARGET_STM/us_ticker.o
    0x08010cd0   0x00000014   Code   RO        36617    .text.us_ticker_init  BUILD/DISCO_L475VG_IOT01A/ARMC6/mbed-os/targets/TARGET_STM/us_ticker.o
    0x08010ce4   0x00000014   Code   RO        29447    .text.us_ticker_irq_handler  BUILD/DISCO_L475VG_IOT01A/ARMC6/mbed-os/hal/source/mbed_us_ticker_api.o
    0x08010cf8   0x0000000c   Code   RO        36619    .text.us_ticker_read  BUILD/DISCO_L475VG_IOT01A/ARMC6/mbed-os/targets/TARGET_STM/us_ticker.o
    0x08010d04   0x0000001c   Code   RO        36621    .text.us_ticker_set_interrupt  BUILD/DISCO_L475VG_IOT01A/ARMC6/mbed-os/targets/TARGET_STM/us_ticker.o
    0x08010d20   0x0000001e   Code   RO        30469    .text.wait_us       BUILD/DISCO_L475VG_IOT01A/ARMC6/mbed-os/platform/source/mbed_wait_api_no_rtos.o
    0x08010d3e   0x00000030   Code   RO        30274    .text.write         BUILD/DISCO_L475VG_IOT01A/ARMC6/mbed-os/platform/source/mbed_retarget.o
    0x08010d6e   0x00000338   Code   RO        37302    CL$$btod_div_common  c:\Users\Huang Yi Cheng\AppData\Local\Mbed Studio\mbed-studio-tools\ac6\bin\..\lib\armlib\c_w.l(btod.o)
    0x080110a6   0x00000002   PAD
    0x080110a8   0x00000084   Code   RO        37300    CL$$btod_e2d        c:\Users\Huang Yi Cheng\AppData\Local\Mbed Studio\mbed-studio-tools\ac6\bin\..\lib\armlib\c_w.l(btod.o)
    0x0801112c   0x000000dc   Code   RO        37299    CL$$btod_e2e        c:\Users\Huang Yi Cheng\AppData\Local\Mbed Studio\mbed-studio-tools\ac6\bin\..\lib\armlib\c_w.l(btod.o)
    0x08011208   0x0000002a   Code   RO        37296    CL$$btod_ediv       c:\Users\Huang Yi Cheng\AppData\Local\Mbed Studio\mbed-studio-tools\ac6\bin\..\lib\armlib\c_w.l(btod.o)
    0x08011232   0x0000002a   Code   RO        37298    CL$$btod_edivd      c:\Users\Huang Yi Cheng\AppData\Local\Mbed Studio\mbed-studio-tools\ac6\bin\..\lib\armlib\c_w.l(btod.o)
    0x0801125c   0x0000002a   Code   RO        37295    CL$$btod_emul       c:\Users\Huang Yi Cheng\AppData\Local\Mbed Studio\mbed-studio-tools\ac6\bin\..\lib\armlib\c_w.l(btod.o)
    0x08011286   0x0000002a   Code   RO        37297    CL$$btod_emuld      c:\Users\Huang Yi Cheng\AppData\Local\Mbed Studio\mbed-studio-tools\ac6\bin\..\lib\armlib\c_w.l(btod.o)
    0x080112b0   0x00000244   Code   RO        37301    CL$$btod_mult_common  c:\Users\Huang Yi Cheng\AppData\Local\Mbed Studio\mbed-studio-tools\ac6\bin\..\lib\armlib\c_w.l(btod.o)
    0x080114f4   0x00000004   PAD
    0x080114f8   0x000000f8   Code   RO        37350    i.__hardfp___mathlib_tofloat  c:\Users\Huang Yi Cheng\AppData\Local\Mbed Studio\mbed-studio-tools\ac6\bin\..\lib\armlib\m_wm.l(narrow.o)
    0x080115f0   0x000000d0   Code   RO        37386    i.__hardfp_ldexp    c:\Users\Huang Yi Cheng\AppData\Local\Mbed Studio\mbed-studio-tools\ac6\bin\..\lib\armlib\m_wm.l(ldexp.o)
    0x080116c0   0x00000020   Code   RO        37418    i.__mathlib_dbl_overflow  c:\Users\Huang Yi Cheng\AppData\Local\Mbed Studio\mbed-studio-tools\ac6\bin\..\lib\armlib\m_wm.l(dunder.o)
    0x080116e0   0x00000020   Code   RO        37420    i.__mathlib_dbl_underflow  c:\Users\Huang Yi Cheng\AppData\Local\Mbed Studio\mbed-studio-tools\ac6\bin\..\lib\armlib\m_wm.l(dunder.o)
    0x08011700   0x00000012   Code   RO        37351    i.__mathlib_narrow  c:\Users\Huang Yi Cheng\AppData\Local\Mbed Studio\mbed-studio-tools\ac6\bin\..\lib\armlib\m_wm.l(narrow.o)
    0x08011712   0x00000014   Code   RO        37388    i.__support_ldexp   c:\Users\Huang Yi Cheng\AppData\Local\Mbed Studio\mbed-studio-tools\ac6\bin\..\lib\armlib\m_wm.l(ldexp.o)
    0x08011726   0x0000000e   Code   RO        37197    i._is_digit         c:\Users\Huang Yi Cheng\AppData\Local\Mbed Studio\mbed-studio-tools\ac6\bin\..\lib\armlib\c_w.l(scanf_fp.o)
    0x08011734   0x0000001a   Code   RO        36769    i.fputc             c:\Users\Huang Yi Cheng\AppData\Local\Mbed Studio\mbed-studio-tools\ac6\bin\..\lib\armlib\c_w.l(fputc.o)
    0x0801174e   0x00000002   PAD
    0x08011750   0x0000008c   Code   RO        37380    i.frexp             c:\Users\Huang Yi Cheng\AppData\Local\Mbed Studio\mbed-studio-tools\ac6\bin\..\lib\armlib\m_wm.l(frexp.o)
    0x080117dc   0x0000002c   Code   RO        37076    locale$$code        c:\Users\Huang Yi Cheng\AppData\Local\Mbed Studio\mbed-studio-tools\ac6\bin\..\lib\armlib\c_w.l(lc_ctype_c.o)
    0x08011808   0x0000002c   Code   RO        37320    locale$$code        c:\Users\Huang Yi Cheng\AppData\Local\Mbed Studio\mbed-studio-tools\ac6\bin\..\lib\armlib\c_w.l(lc_numeric_c.o)
    0x08011834   0x00000062   Code   RO        36882    x$fpl$d2f           c:\Users\Huang Yi Cheng\AppData\Local\Mbed Studio\mbed-studio-tools\ac6\bin\..\lib\armlib\fz_wm.l(d2f.o)
    0x08011896   0x00000002   PAD
    0x08011898   0x00000010   Code   RO        37429    x$fpl$dcheck1       c:\Users\Huang Yi Cheng\AppData\Local\Mbed Studio\mbed-studio-tools\ac6\bin\..\lib\armlib\fz_wm.l(dcheck1.o)
    0x080118a8   0x00000018   Code   RO        37271    x$fpl$dcmpinf       c:\Users\Huang Yi Cheng\AppData\Local\Mbed Studio\mbed-studio-tools\ac6\bin\..\lib\armlib\fz_wm.l(dcmpi.o)
    0x080118c0   0x00000078   Code   RO        37143    x$fpl$deqf          c:\Users\Huang Yi Cheng\AppData\Local\Mbed Studio\mbed-studio-tools\ac6\bin\..\lib\armlib\fz_wm.l(deqf.o)
    0x08011938   0x0000002e   Code   RO        36905    x$fpl$dflt          c:\Users\Huang Yi Cheng\AppData\Local\Mbed Studio\mbed-studio-tools\ac6\bin\..\lib\armlib\fz_wm.l(dflt_clz.o)
    0x08011966   0x00000002   PAD
    0x08011968   0x00000078   Code   RO        37147    x$fpl$dleqf         c:\Users\Huang Yi Cheng\AppData\Local\Mbed Studio\mbed-studio-tools\ac6\bin\..\lib\armlib\fz_wm.l(dleqf.o)
    0x080119e0   0x00000154   Code   RO        36910    x$fpl$dmul          c:\Users\Huang Yi Cheng\AppData\Local\Mbed Studio\mbed-studio-tools\ac6\bin\..\lib\armlib\fz_wm.l(dmul.o)
    0x08011b34   0x0000009c   Code   RO        37149    x$fpl$dnaninf       c:\Users\Huang Yi Cheng\AppData\Local\Mbed Studio\mbed-studio-tools\ac6\bin\..\lib\armlib\fz_wm.l(dnaninf.o)
    0x08011bd0   0x0000000c   Code   RO        37151    x$fpl$dretinf       c:\Users\Huang Yi Cheng\AppData\Local\Mbed Studio\mbed-studio-tools\ac6\bin\..\lib\armlib\fz_wm.l(dretinf.o)
    0x08011bdc   0x0000006c   Code   RO        37376    x$fpl$drleqf        c:\Users\Huang Yi Cheng\AppData\Local\Mbed Studio\mbed-studio-tools\ac6\bin\..\lib\armlib\fz_wm.l(drleqf.o)
    0x08011c48   0x00000056   Code   RO        36912    x$fpl$f2d           c:\Users\Huang Yi Cheng\AppData\Local\Mbed Studio\mbed-studio-tools\ac6\bin\..\lib\armlib\fz_wm.l(f2d.o)
    0x08011c9e   0x0000008c   Code   RO        37153    x$fpl$fnaninf       c:\Users\Huang Yi Cheng\AppData\Local\Mbed Studio\mbed-studio-tools\ac6\bin\..\lib\armlib\fz_wm.l(fnaninf.o)
    0x08011d2a   0x0000001a   Code   RO        37273    x$fpl$fpinit        c:\Users\Huang Yi Cheng\AppData\Local\Mbed Studio\mbed-studio-tools\ac6\bin\..\lib\armlib\fz_wm.l(fpinit.o)
    0x08011d44   0x0000000a   Code   RO        37155    x$fpl$fretinf       c:\Users\Huang Yi Cheng\AppData\Local\Mbed Studio\mbed-studio-tools\ac6\bin\..\lib\armlib\fz_wm.l(fretinf.o)
    0x08011d4e   0x00000006   Code   RO        37342    x$fpl$ieeestatus    c:\Users\Huang Yi Cheng\AppData\Local\Mbed Studio\mbed-studio-tools\ac6\bin\..\lib\armlib\fz_wm.l(istatus.o)
    0x08011d54   0x00000064   Code   RO        37431    x$fpl$retnan        c:\Users\Huang Yi Cheng\AppData\Local\Mbed Studio\mbed-studio-tools\ac6\bin\..\lib\armlib\fz_wm.l(retnan.o)
    0x08011db8   0x0000005c   Code   RO        37412    x$fpl$scalbn        c:\Users\Huang Yi Cheng\AppData\Local\Mbed Studio\mbed-studio-tools\ac6\bin\..\lib\armlib\fz_wm.l(scalbn.o)
    0x08011e14   0x00000004   Code   RO        37157    x$fpl$scanf1        c:\Users\Huang Yi Cheng\AppData\Local\Mbed Studio\mbed-studio-tools\ac6\bin\..\lib\armlib\fz_wm.l(scanf1.o)
    0x08011e18   0x00000008   Code   RO        37344    x$fpl$scanf2        c:\Users\Huang Yi Cheng\AppData\Local\Mbed Studio\mbed-studio-tools\ac6\bin\..\lib\armlib\fz_wm.l(scanf2.o)
    0x08011e20   0x00000030   Code   RO        37433    x$fpl$trapveneer    c:\Users\Huang Yi Cheng\AppData\Local\Mbed Studio\mbed-studio-tools\ac6\bin\..\lib\armlib\fz_wm.l(trapv.o)
    0x08011e50   0x00000000   Code   RO        37159    x$fpl$usenofp       c:\Users\Huang Yi Cheng\AppData\Local\Mbed Studio\mbed-studio-tools\ac6\bin\..\lib\armlib\fz_wm.l(usenofp.o)
    0x08011e50   0x00000094   Data   RO        37290    .constdata          c:\Users\Huang Yi Cheng\AppData\Local\Mbed Studio\mbed-studio-tools\ac6\bin\..\lib\armlib\c_w.l(bigflt0.o)
    0x08011ee4   0x000000a0   Data   RO         1037    .rodata             BUILD/DISCO_L475VG_IOT01A/ARMC6/mbed-os/cmsis/CMSIS_5/CMSIS/RTOS2/RTX/Source/rtx_lib.o
    0x08011f84   0x00000010   Data   RO         1453    .rodata..L__const.mbed_rtos_init_singleton_mutex.singleton_mutex_attr  BUILD/DISCO_L475VG_IOT01A/ARMC6/mbed-os/cmsis/device/rtos/source/mbed_rtos_rtx.o
    0x08011f94   0x0000017d   Data   RO          825    .rodata..Lconstinit.1  BUILD/DISCO_L475VG_IOT01A/ARMC6/drivers/COMPONENT_wifi_ism43362/ISM43362/ISM43362.o
    0x08012111   0x00000003   PAD
    0x08012114   0x0000000c   Data   RO        36599    .rodata..Lswitch.table.spi_format.3  BUILD/DISCO_L475VG_IOT01A/ARMC6/mbed-os/targets/TARGET_STM/stm_spi_api.o
    0x08012120   0x00000010   Data   RO        35894    .rodata.AHBPrescTable  BUILD/DISCO_L475VG_IOT01A/ARMC6/mbed-os/targets/TARGET_STM/TARGET_STM32L4/STM32Cube_FW/system_stm32l4xx.o
    0x08012130   0x00000008   Data   RO        35895    .rodata.APBPrescTable  BUILD/DISCO_L475VG_IOT01A/ARMC6/mbed-os/targets/TARGET_STM/TARGET_STM32L4/STM32Cube_FW/system_stm32l4xx.o
    0x08012138   0x00000030   Data   RO        35896    .rodata.MSIRangeTable  BUILD/DISCO_L475VG_IOT01A/ARMC6/mbed-os/targets/TARGET_STM/TARGET_STM32L4/STM32Cube_FW/system_stm32l4xx.o
    0x08012168   0x0000006c   Data   RO        35912    .rodata.PinMap_SPI_MISO  BUILD/DISCO_L475VG_IOT01A/ARMC6/mbed-os/targets/TARGET_STM/TARGET_STM32L4/TARGET_STM32L475xG/TARGET_DISCO_L475VG_IOT01A/PeripheralPins.o
    0x080121d4   0x0000006c   Data   RO        35911    .rodata.PinMap_SPI_MOSI  BUILD/DISCO_L475VG_IOT01A/ARMC6/mbed-os/targets/TARGET_STM/TARGET_STM32L4/TARGET_STM32L475xG/TARGET_DISCO_L475VG_IOT01A/PeripheralPins.o
    0x08012240   0x0000006c   Data   RO        35913    .rodata.PinMap_SPI_SCLK  BUILD/DISCO_L475VG_IOT01A/ARMC6/mbed-os/targets/TARGET_STM/TARGET_STM32L4/TARGET_STM32L475xG/TARGET_DISCO_L475VG_IOT01A/PeripheralPins.o
    0x080122ac   0x0000006c   Data   RO        35914    .rodata.PinMap_SPI_SSEL  BUILD/DISCO_L475VG_IOT01A/ARMC6/mbed-os/targets/TARGET_STM/TARGET_STM32L4/TARGET_STM32L475xG/TARGET_DISCO_L475VG_IOT01A/PeripheralPins.o
    0x08012318   0x00000001   Data   RO        36961    .rodata._ZSt7nothrow  c:\Users\Huang Yi Cheng\AppData\Local\Mbed Studio\mbed-studio-tools\ac6\bin\..\lib\libcxx\libcpp_w.l(new.cpp.o)
    0x08012319   0x00000003   PAD
    0x0801231c   0x0000010c   Data   RO          368    .rodata._ZTC17ISM43362Interface4_13WiFiInterface  BUILD/DISCO_L475VG_IOT01A/ARMC6/drivers/COMPONENT_wifi_ism43362/ISM43362Interface.o
    0x08012428   0x00000014   Data   RO          365    .rodata._ZTT17ISM43362Interface  BUILD/DISCO_L475VG_IOT01A/ARMC6/drivers/COMPONENT_wifi_ism43362/ISM43362Interface.o
    0x0801243c   0x00000064   Data   RO          755    .rodata._ZTV11BufferedSpi  BUILD/DISCO_L475VG_IOT01A/ARMC6/drivers/COMPONENT_wifi_ism43362/ISM43362/ATParser/BufferedSpi/BufferedSpi.o
    0x080124a0   0x00000050   Data   RO        30402    .rodata._ZTV12DirectSerial  BUILD/DISCO_L475VG_IOT01A/ARMC6/mbed-os/platform/source/mbed_retarget.o
    0x080124f0   0x00000050   Data   RO        25529    .rodata._ZTV14InternetSocket  BUILD/DISCO_L475VG_IOT01A/ARMC6/mbed-os/connectivity/netsocket/source/InternetSocket.o
    0x08012540   0x00000080   Data   RO        25596    .rodata._ZTV16NetworkInterface  BUILD/DISCO_L475VG_IOT01A/ARMC6/mbed-os/connectivity/netsocket/source/NetworkInterface.o
    0x080125c0   0x000001d8   Data   RO          364    .rodata._ZTV17ISM43362Interface  BUILD/DISCO_L475VG_IOT01A/ARMC6/drivers/COMPONENT_wifi_ism43362/ISM43362Interface.o
    0x08012798   0x00000050   Data   RO        25486    .rodata._ZTV22InternetDatagramSocket  BUILD/DISCO_L475VG_IOT01A/ARMC6/mbed-os/connectivity/netsocket/source/InternetDatagramSocket.o
    0x080127e8   0x00000050   Data   RO        25843    .rodata._ZTV9TCPSocket  BUILD/DISCO_L475VG_IOT01A/ARMC6/mbed-os/connectivity/netsocket/source/TCPSocket.o
    0x08012838   0x00000050   Data   RO        25952    .rodata._ZTV9UDPSocket  BUILD/DISCO_L475VG_IOT01A/ARMC6/mbed-os/connectivity/netsocket/source/UDPSocket.o
    0x08012888   0x0000000c   Data   RO        27551    .rodata._ZTVN4mbed10TimerEventE  BUILD/DISCO_L475VG_IOT01A/ARMC6/mbed-os/drivers/source/TimerEvent.o
    0x08012894   0x00000010   Data   RO        27109    .rodata._ZTVN4mbed11InterruptInE  BUILD/DISCO_L475VG_IOT01A/ARMC6/mbed-os/drivers/source/InterruptIn.o
    0x080128a4   0x00000020   Data   RO        27334    .rodata._ZTVN4mbed3SPIE  BUILD/DISCO_L475VG_IOT01A/ARMC6/mbed-os/drivers/source/SPI.o
    0x080128c4   0x0000000c   Data   RO        29930    .rodata._ZTVN4mbed8internal8SysTimerINSt3__15ratioILx1ELx1000EEELb1EEE  BUILD/DISCO_L475VG_IOT01A/ARMC6/mbed-os/platform/source/SysTimer.o
    0x080128d0   0x00000010   Data   RO        30838    .rodata._ZTVN4rtos6ThreadE  BUILD/DISCO_L475VG_IOT01A/ARMC6/mbed-os/rtos/source/Thread.o
    0x080128e0   0x00000018   Data   RO        30409    .rodata._ZZL15default_consolevE14console_pinmap  BUILD/DISCO_L475VG_IOT01A/ARMC6/mbed-os/platform/source/mbed_retarget.o
    0x080128f8   0x00000008   Data   RO        30398    .rodata.__stderr_name  BUILD/DISCO_L475VG_IOT01A/ARMC6/mbed-os/platform/source/mbed_retarget.o
    0x08012900   0x00000007   Data   RO        30396    .rodata.__stdin_name  BUILD/DISCO_L475VG_IOT01A/ARMC6/mbed-os/platform/source/mbed_retarget.o
    0x08012907   0x00000008   Data   RO        30397    .rodata.__stdout_name  BUILD/DISCO_L475VG_IOT01A/ARMC6/mbed-os/platform/source/mbed_retarget.o
    0x0801290f   0x00000001   PAD
    0x08012910   0x00000010   Data   RO        35269    .rodata.cst16       BUILD/DISCO_L475VG_IOT01A/ARMC6/mbed-os/targets/TARGET_STM/TARGET_STM32L4/STM32Cube_FW/STM32L4xx_HAL_Driver/stm32l4xx_hal_uart.o
    0x08012920   0x00000040   Data   RO        36399    .rodata.ll_pin_defines  BUILD/DISCO_L475VG_IOT01A/ARMC6/mbed-os/targets/TARGET_STM/pinmap.o
    0x08012960   0x00000008   Data   RO        29363    .rodata.lp_data     BUILD/DISCO_L475VG_IOT01A/ARMC6/mbed-os/hal/source/mbed_lp_ticker_api.o
    0x08012968   0x00000024   Data   RO        29365    .rodata.lp_interface  BUILD/DISCO_L475VG_IOT01A/ARMC6/mbed-os/hal/source/mbed_lp_ticker_api.o
    0x0801298c   0x00000008   Data   RO        36372    .rodata.lp_ticker_get_info.info  BUILD/DISCO_L475VG_IOT01A/ARMC6/mbed-os/targets/TARGET_STM/lp_ticker.o
    0x08012994   0x00000004   Data   RO         1039    .rodata.osRtxUserSVC  BUILD/DISCO_L475VG_IOT01A/ARMC6/mbed-os/cmsis/CMSIS_5/CMSIS/RTOS2/RTX/Source/rtx_lib.o
    0x08012998   0x00000024   Data   RO         1034    .rodata.os_idle_thread_attr  BUILD/DISCO_L475VG_IOT01A/ARMC6/mbed-os/cmsis/CMSIS_5/CMSIS/RTOS2/RTX/Source/rtx_lib.o
    0x080129bc   0x00000018   Data   RO         1036    .rodata.os_timer_mq_attr  BUILD/DISCO_L475VG_IOT01A/ARMC6/mbed-os/cmsis/CMSIS_5/CMSIS/RTOS2/RTX/Source/rtx_lib.o
    0x080129d4   0x00000024   Data   RO         1035    .rodata.os_timer_thread_attr  BUILD/DISCO_L475VG_IOT01A/ARMC6/mbed-os/cmsis/CMSIS_5/CMSIS/RTOS2/RTX/Source/rtx_lib.o
    0x080129f8   0x000000c0   Data   RO        35980    .rodata.pin_lines_desc  BUILD/DISCO_L475VG_IOT01A/ARMC6/mbed-os/targets/TARGET_STM/TARGET_STM32L4/gpio_irq_device.o
    0x08012ab8   0x00000041   Data   RO          363    .rodata.str1.1      BUILD/DISCO_L475VG_IOT01A/ARMC6/drivers/COMPONENT_wifi_ism43362/ISM43362Interface.o
    0x08012af9   0x00000050   Data   RO          700    .rodata.str1.1      BUILD/DISCO_L475VG_IOT01A/ARMC6/drivers/COMPONENT_wifi_ism43362/ISM43362/ATParser/BufferedSpi/BufferedPrint.o
    0x08012b49   0x00000027   Data   RO          826    .rodata.str1.1      BUILD/DISCO_L475VG_IOT01A/ARMC6/drivers/COMPONENT_wifi_ism43362/ISM43362/ISM43362.o
    0x08012b70   0x00000009   Data   RO          841    .rodata.str1.1      BUILD/DISCO_L475VG_IOT01A/ARMC6/main.o
    0x08012b79   0x00000013   Data   RO         1040    .rodata.str1.1      BUILD/DISCO_L475VG_IOT01A/ARMC6/mbed-os/cmsis/CMSIS_5/CMSIS/RTOS2/RTX/Source/rtx_lib.o
    0x08012b8c   0x00000010   Data   RO         1451    .rodata.str1.1      BUILD/DISCO_L475VG_IOT01A/ARMC6/mbed-os/cmsis/device/rtos/source/mbed_rtos_rtx.o
    0x08012b9c   0x000000c8   Data   RO        29942    .rodata.str1.1      BUILD/DISCO_L475VG_IOT01A/ARMC6/mbed-os/platform/source/TARGET_CORTEX_M/mbed_fault_handler.o
    0x08012c64   0x0000000b   Data   RO         1027    .rodata.str1.4      BUILD/DISCO_L475VG_IOT01A/ARMC6/mbed-os/cmsis/CMSIS_5/CMSIS/RTOS2/RTX/Source/rtx_kernel.o
    0x08012c6f   0x00000001   PAD
    0x08012c70   0x00000008   Data   RO        29451    .rodata.us_data     BUILD/DISCO_L475VG_IOT01A/ARMC6/mbed-os/hal/source/mbed_us_ticker_api.o
    0x08012c78   0x00000024   Data   RO        29453    .rodata.us_interface  BUILD/DISCO_L475VG_IOT01A/ARMC6/mbed-os/hal/source/mbed_us_ticker_api.o
    0x08012c9c   0x00000008   Data   RO        36635    .rodata.us_ticker_get_info.info  BUILD/DISCO_L475VG_IOT01A/ARMC6/mbed-os/targets/TARGET_STM/us_ticker.o
    0x08012ca4   0x00000040   Data   RO        37435    Region$$Table       anon$$obj.o
    0x08012ce4   0x00000008   Data   RO        37338    c$$dinf             c:\Users\Huang Yi Cheng\AppData\Local\Mbed Studio\mbed-studio-tools\ac6\bin\..\lib\armlib\fz_wm.l(fpconst.o)
    0x08012cec   0x00000008   Data   RO        37341    c$$dmax             c:\Users\Huang Yi Cheng\AppData\Local\Mbed Studio\mbed-studio-tools\ac6\bin\..\lib\armlib\fz_wm.l(fpconst.o)
    0x08012cf4   0x00000110   Data   RO        37075    locale$$data        c:\Users\Huang Yi Cheng\AppData\Local\Mbed Studio\mbed-studio-tools\ac6\bin\..\lib\armlib\c_w.l(lc_ctype_c.o)
    0x08012e04   0x0000001c   Data   RO        37319    locale$$data        c:\Users\Huang Yi Cheng\AppData\Local\Mbed Studio\mbed-studio-tools\ac6\bin\..\lib\armlib\c_w.l(lc_numeric_c.o)
    0x08012e20   0x00000004   Data   RO          842    .init_array         BUILD/DISCO_L475VG_IOT01A/ARMC6/main.o
    0x08012e24   0x00000004   Data   RO        30959    .init_array         BUILD/DISCO_L475VG_IOT01A/ARMC6/mbed-os/storage/blockdevice/COMPONENT_QSPIF/source/QSPIFBlockDevice.o
    0x08012e28   0x00000000   Data   RO        36877    .init_array         c:\Users\Huang Yi Cheng\AppData\Local\Mbed Studio\mbed-studio-tools\ac6\bin\..\lib\armlib\c_w.l(init_aeabi.o)


    Execution Region RW_m_crash_data (Base: 0x10000188, Size: 0x00000100, Max: 0x00000100, ABSOLUTE)

    Base Addr    Size         Type   Attr      Idx    E Section Name        Object

    0x10000188   0x00000100   Zero   RW            1    RW_m_crash_data.bss  anon$$obj.o


    Execution Region RW_IRAM2 (Base: 0x10000288, Size: 0x00002ce4, Max: 0x00007d78, ABSOLUTE)

    Base Addr    Size         Type   Attr      Idx    E Section Name        Object

    0x10000288   0x00000004   Data   RW        36796    .data               c:\Users\Huang Yi Cheng\AppData\Local\Mbed Studio\mbed-studio-tools\ac6\bin\..\lib\armlib\c_w.l(stdio_streams.o)
    0x1000028c   0x00000004   Data   RW        36820    .data               c:\Users\Huang Yi Cheng\AppData\Local\Mbed Studio\mbed-studio-tools\ac6\bin\..\lib\armlib\c_w.l(strtok.o)
    0x10000290   0x00000004   Data   RW        35893    .data.SystemCoreClock  BUILD/DISCO_L475VG_IOT01A/ARMC6/mbed-os/targets/TARGET_STM/TARGET_STM32L4/STM32Cube_FW/system_stm32l4xx.o
    0x10000294   0x00000055   Data   RW        26034    .data._ZL11dns_servers  BUILD/DISCO_L475VG_IOT01A/ARMC6/mbed-os/connectivity/netsocket/source/nsapi_dns.o
    0x100002e9   0x00000003   PAD
    0x100002ec   0x00000040   Data   RW        30408    .data._ZL11filehandles  BUILD/DISCO_L475VG_IOT01A/ARMC6/mbed-os/platform/source/mbed_retarget.o
    0x1000032c   0x00000004   Data   RW        29452    .data.irq_handler   BUILD/DISCO_L475VG_IOT01A/ARMC6/mbed-os/hal/source/mbed_us_ticker_api.o
    0x10000330   0x00000054   Zero   RW        36793    .bss                c:\Users\Huang Yi Cheng\AppData\Local\Mbed Studio\mbed-studio-tools\ac6\bin\..\lib\armlib\c_w.l(stdio_streams.o)
    0x10000384   0x000000e4   Zero   RW        36816    .bss                c:\Users\Huang Yi Cheng\AppData\Local\Mbed Studio\mbed-studio-tools\ac6\bin\..\lib\armlib\c_w.l(rand.o)
    0x10000468   0x00000008   Zero   RW        25669    .bss..L_MergedGlobals  BUILD/DISCO_L475VG_IOT01A/ARMC6/mbed-os/connectivity/netsocket/source/NetworkStack.o
    0x10000470   0x00000002   Zero   RW        29324    .bss..L_MergedGlobals  BUILD/DISCO_L475VG_IOT01A/ARMC6/mbed-os/hal/source/mbed_critical_section_api.o
    0x10000472   0x00000002   PAD
    0x10000474   0x00000024   Zero   RW        29621    .bss..L_MergedGlobals  BUILD/DISCO_L475VG_IOT01A/ARMC6/mbed-os/platform/source/CThunkBase.o
    0x10000498   0x00000030   Zero   RW        29681    .bss..L_MergedGlobals  BUILD/DISCO_L475VG_IOT01A/ARMC6/mbed-os/platform/source/FileBase.o
    0x100004c8   0x0000004c   Zero   RW        30124    .bss..L_MergedGlobals  BUILD/DISCO_L475VG_IOT01A/ARMC6/mbed-os/platform/source/mbed_error.o
    0x10000514   0x00000028   Zero   RW        30410    .bss..L_MergedGlobals  BUILD/DISCO_L475VG_IOT01A/ARMC6/mbed-os/platform/source/mbed_retarget.o
    0x1000053c   0x00000008   Zero   RW        30703    .bss..L_MergedGlobals  BUILD/DISCO_L475VG_IOT01A/ARMC6/mbed-os/rtos/source/Kernel.o
    0x10000544   0x00000008   Zero   RW        36204    .bss..L_MergedGlobals  BUILD/DISCO_L475VG_IOT01A/ARMC6/mbed-os/targets/TARGET_STM/can_api.o
    0x1000054c   0x0000000c   Zero   RW        36257    .bss..L_MergedGlobals  BUILD/DISCO_L475VG_IOT01A/ARMC6/mbed-os/targets/TARGET_STM/hal_tick_overrides.o
    0x10000558   0x00000050   Zero   RW        36534    .bss..L_MergedGlobals  BUILD/DISCO_L475VG_IOT01A/ARMC6/mbed-os/targets/TARGET_STM/serial_api.o
    0x100005a8   0x00000004   Zero   RW        28780    .bss._ZGVZN4mbed33do_shared_event_queue_with_threadIL12osPriority_t24ELj768ELj2048EEEPN6events10EventQueueEPKcE6thread  BUILD/DISCO_L475VG_IOT01A/ARMC6/mbed-os/events/source/mbed_shared_queues.o
    0x100005ac   0x00000014   Zero   RW        26033    .bss._ZL11dns_call_in  BUILD/DISCO_L475VG_IOT01A/ARMC6/mbed-os/connectivity/netsocket/source/nsapi_dns.o
    0x100005c0   0x00000028   Zero   RW        30401    .bss._ZL16filehandle_mutex  BUILD/DISCO_L475VG_IOT01A/ARMC6/mbed-os/platform/source/mbed_retarget.o
    0x100005e8   0x0000039c   Zero   RW        27332    .bss._ZN4mbed3SPI12_peripheralsE  BUILD/DISCO_L475VG_IOT01A/ARMC6/mbed-os/drivers/source/SPI.o
    0x10000984   0x00000004   Zero   RW        27333    .bss._ZN4mbed3SPI17_peripherals_usedE  BUILD/DISCO_L475VG_IOT01A/ARMC6/mbed-os/drivers/source/SPI.o
    0x10000988   0x00000300   Zero   RW        28775    .bss._ZZN4mbed33do_shared_event_queue_with_threadIL12osPriority_t24ELj768ELj2048EEEPN6events10EventQueueEPKcE12queue_buffer  BUILD/DISCO_L475VG_IOT01A/ARMC6/mbed-os/events/source/mbed_shared_queues.o
    0x10000c88   0x0000005c   Zero   RW        28776    .bss._ZZN4mbed33do_shared_event_queue_with_threadIL12osPriority_t24ELj768ELj2048EEEPN6events10EventQueueEPKcE5queue  BUILD/DISCO_L475VG_IOT01A/ARMC6/mbed-os/events/source/mbed_shared_queues.o
    0x10000ce4   0x00000004   PAD
    0x10000ce8   0x00000800   Zero   RW        28778    .bss._ZZN4mbed33do_shared_event_queue_with_threadIL12osPriority_t24ELj768ELj2048EEEPN6events10EventQueueEPKcE5stack  BUILD/DISCO_L475VG_IOT01A/ARMC6/mbed-os/events/source/mbed_shared_queues.o
    0x100014e8   0x000000bc   Zero   RW        28779    .bss._ZZN4mbed33do_shared_event_queue_with_threadIL12osPriority_t24ELj768ELj2048EEEPN6events10EventQueueEPKcE6thread  BUILD/DISCO_L475VG_IOT01A/ARMC6/mbed-os/events/source/mbed_shared_queues.o
    0x100015a4   0x00000002   Zero   RW          827    .bss._ZZN8ISM433624openEPKciS1_iE12rnglocalport  BUILD/DISCO_L475VG_IOT01A/ARMC6/drivers/COMPONENT_wifi_ism43362/ISM43362/ISM43362.o
    0x100015a6   0x00000002   PAD
    0x100015a8   0x00001000   Zero   RW         1448    .bss._main_stack    BUILD/DISCO_L475VG_IOT01A/ARMC6/mbed-os/cmsis/device/rtos/source/mbed_rtos_rtx.o
    0x100025a8   0x00000214   Zero   RW        36245    .bss.channels       BUILD/DISCO_L475VG_IOT01A/ARMC6/mbed-os/targets/TARGET_STM/gpio_irq_api.o
    0x100027bc   0x00000002   Zero   RW        30223    .bss.deep_sleep_lock  BUILD/DISCO_L475VG_IOT01A/ARMC6/mbed-os/platform/source/mbed_power_mgmt.o
    0x100027be   0x00000002   PAD
    0x100027c0   0x00000040   Zero   RW        29454    .bss.events         BUILD/DISCO_L475VG_IOT01A/ARMC6/mbed-os/hal/source/mbed_us_ticker_api.o
    0x10002800   0x00000004   Zero   RW        30399    .bss.mbed_heap_start  BUILD/DISCO_L475VG_IOT01A/ARMC6/mbed-os/platform/source/mbed_retarget.o
    0x10002804   0x00000004   Zero   RW        36389    .bss.mbed_sdk_inited  BUILD/DISCO_L475VG_IOT01A/ARMC6/mbed-os/targets/TARGET_STM/mbed_overrides.o
    0x10002808   0x00000004   Zero   RW         1439    .bss.mbed_stack_isr_size  BUILD/DISCO_L475VG_IOT01A/ARMC6/mbed-os/cmsis/device/rtos/source/mbed_boot.o
    0x1000280c   0x00000040   Zero   RW         1033    .bss.os             BUILD/DISCO_L475VG_IOT01A/ARMC6/mbed-os/cmsis/CMSIS_5/CMSIS/RTOS2/RTX/Source/rtx_lib.o
    0x1000284c   0x00000050   Zero   RW         1044    .bss.os.msgqueue.mem  BUILD/DISCO_L475VG_IOT01A/ARMC6/mbed-os/cmsis/CMSIS_5/CMSIS/RTOS2/RTX/Source/rtx_lib.o
    0x1000289c   0x00000088   Zero   RW         1041    .bss.os.thread.cb   BUILD/DISCO_L475VG_IOT01A/ARMC6/mbed-os/cmsis/CMSIS_5/CMSIS/RTOS2/RTX/Source/rtx_lib.o
    0x10002924   0x00000044   Zero   RW         1450    .bss.os.thread.cb   BUILD/DISCO_L475VG_IOT01A/ARMC6/mbed-os/cmsis/device/rtos/source/mbed_rtos_rtx.o
    0x10002968   0x00000600   Zero   RW         1042    .bss.os.thread.stack  BUILD/DISCO_L475VG_IOT01A/ARMC6/mbed-os/cmsis/CMSIS_5/CMSIS/RTOS2/RTX/Source/rtx_lib.o
    0x10002f68   0x00000004   Zero   RW         1467    .bss.terminate_hook  BUILD/DISCO_L475VG_IOT01A/ARMC6/mbed-os/cmsis/device/rtos/source/mbed_rtx_handlers.o


    Execution Region RW_IRAM1 (Base: 0x20000000, Size: 0x0000101c, Max: 0x00006000, ABSOLUTE)

    Base Addr    Size         Type   Attr      Idx    E Section Name        Object

    0x20000000   0x00000004   Data   RW        36795    .data               c:\Users\Huang Yi Cheng\AppData\Local\Mbed Studio\mbed-studio-tools\ac6\bin\..\lib\armlib\c_w.l(stdio_streams.o)
    0x20000004   0x00000004   Data   RW        36797    .data               c:\Users\Huang Yi Cheng\AppData\Local\Mbed Studio\mbed-studio-tools\ac6\bin\..\lib\armlib\c_w.l(stdio_streams.o)
    0x20000008   0x00000004   Data   RW        37064    .data               c:\Users\Huang Yi Cheng\AppData\Local\Mbed Studio\mbed-studio-tools\ac6\bin\..\lib\armlib\c_w.l(streamlock.o)
    0x2000000c   0x00000008   Data   RW        26035    .data..L_MergedGlobals  BUILD/DISCO_L475VG_IOT01A/ARMC6/mbed-os/connectivity/netsocket/source/nsapi_dns.o
    0x20000014   0x00000008   Data   RW        32560    .data..L_MergedGlobals  BUILD/DISCO_L475VG_IOT01A/ARMC6/mbed-os/targets/TARGET_STM/TARGET_STM32L4/STM32Cube_FW/STM32L4xx_HAL_Driver/stm32l4xx_hal.o
    0x2000001c   0x00000034   Data   RW          240    .data.Lsm6dslAccDrv  BUILD/DISCO_L475VG_IOT01A/ARMC6/BSP_B-L475E-IOT01/Drivers/BSP/Components/lsm6dsl/lsm6dsl.o
    0x20000050   0x00000004   Data   RW         1496    .data._ZL14idle_hook_fptr  BUILD/DISCO_L475VG_IOT01A/ARMC6/mbed-os/cmsis/device/rtos/source/mbed_rtx_idle.o
    0x20000054   0x00000008   Data   RW        25597    .data._ZZL29get_interface_event_list_headvE10event_list  BUILD/DISCO_L475VG_IOT01A/ARMC6/mbed-os/connectivity/netsocket/source/NetworkInterface.o
    0x2000005c   0x00000004   Data   RW        29364    .data.irq_handler   BUILD/DISCO_L475VG_IOT01A/ARMC6/mbed-os/hal/source/mbed_lp_ticker_api.o
    0x20000060   0x000000a4   Data   RW         1028    .data.os            BUILD/DISCO_L475VG_IOT01A/ARMC6/mbed-os/cmsis/CMSIS_5/CMSIS/RTOS2/RTX/Source/rtx_kernel.o
    0x20000104   0x00000054   Zero   RW        36792    .bss                c:\Users\Huang Yi Cheng\AppData\Local\Mbed Studio\mbed-studio-tools\ac6\bin\..\lib\armlib\c_w.l(stdio_streams.o)
    0x20000158   0x00000054   Zero   RW        36794    .bss                c:\Users\Huang Yi Cheng\AppData\Local\Mbed Studio\mbed-studio-tools\ac6\bin\..\lib\armlib\c_w.l(stdio_streams.o)
    0x200001ac   0x00000060   Zero   RW        36988    .bss                c:\Users\Huang Yi Cheng\AppData\Local\Mbed Studio\mbed-studio-tools\ac6\bin\..\lib\armlib\c_w.l(libspace.o)
    0x2000020c   0x00000004   PAD
    0x20000210   0x00000050   Zero   RW        30182    .bss..L_MergedGlobals  BUILD/DISCO_L475VG_IOT01A/ARMC6/mbed-os/platform/source/mbed_os_timer.o
    0x20000260   0x00000030   Zero   RW        30960    .bss..L_MergedGlobals  BUILD/DISCO_L475VG_IOT01A/ARMC6/mbed-os/storage/blockdevice/COMPONENT_QSPIF/source/QSPIFBlockDevice.o
    0x20000290   0x00000048   Zero   RW        36373    .bss..L_MergedGlobals  BUILD/DISCO_L475VG_IOT01A/ARMC6/mbed-os/targets/TARGET_STM/lp_ticker.o
    0x200002d8   0x00000058   Zero   RW        36636    .bss..L_MergedGlobals  BUILD/DISCO_L475VG_IOT01A/ARMC6/mbed-os/targets/TARGET_STM/us_ticker.o
    0x20000330   0x00000074   Zero   RW        26036    .bss..L_MergedGlobals.2  BUILD/DISCO_L475VG_IOT01A/ARMC6/mbed-os/connectivity/netsocket/source/nsapi_dns.o
    0x200003a4   0x00000004   Zero   RW           91    .bss.AccelerometerDrv  BUILD/DISCO_L475VG_IOT01A/ARMC6/BSP_B-L475E-IOT01/Drivers/BSP/B-L475E-IOT01/stm32l475e_iot01_accelero.o
    0x200003a8   0x00000004   Zero   RW        28777    .bss._ZGVZN4mbed33do_shared_event_queue_with_threadIL12osPriority_t24ELj768ELj2048EEEPN6events10EventQueueEPKcE5queue  BUILD/DISCO_L475VG_IOT01A/ARMC6/mbed-os/events/source/mbed_shared_queues.o
    0x200003ac   0x00000024   Zero   RW         1449    .bss._main_thread_attr  BUILD/DISCO_L475VG_IOT01A/ARMC6/mbed-os/cmsis/device/rtos/source/mbed_rtos_rtx.o
    0x200003d0   0x00000020   Zero   RW         1421    .bss._static_mutexes  BUILD/DISCO_L475VG_IOT01A/ARMC6/mbed-os/cmsis/device/rtos/TOOLCHAIN_ARM_STD/mbed_boot_arm_std.o
    0x200003f0   0x000000e0   Zero   RW         1422    .bss._static_mutexes_mem  BUILD/DISCO_L475VG_IOT01A/ARMC6/mbed-os/cmsis/device/rtos/TOOLCHAIN_ARM_STD/mbed_boot_arm_std.o
    0x200004d0   0x00000004   Zero   RW        30074    .bss.critical_section_reentrancy_counter  BUILD/DISCO_L475VG_IOT01A/ARMC6/mbed-os/platform/source/mbed_critical.o
    0x200004d4   0x00000004   PAD
    0x200004d8   0x00000040   Zero   RW        29366    .bss.events         BUILD/DISCO_L475VG_IOT01A/ARMC6/mbed-os/hal/source/mbed_lp_ticker_api.o
    0x20000518   0x0000004c   Zero   RW           78    .bss.hI2cHandler    BUILD/DISCO_L475VG_IOT01A/ARMC6/BSP_B-L475E-IOT01/Drivers/BSP/B-L475E-IOT01/stm32l475e_iot01.o
    0x20000564   0x00000001   Zero   RW        30123    .bss.halt_in_progress  BUILD/DISCO_L475VG_IOT01A/ARMC6/mbed-os/platform/source/mbed_error.o
    0x20000565   0x00000003   PAD
    0x20000568   0x00000004   Zero   RW        36246    .bss.irq_handler    BUILD/DISCO_L475VG_IOT01A/ARMC6/mbed-os/targets/TARGET_STM/gpio_irq_api.o
    0x2000056c   0x00000001   Zero   RW        30121    .bss.is_reboot_error_valid  BUILD/DISCO_L475VG_IOT01A/ARMC6/mbed-os/platform/source/mbed_error.o
    0x2000056d   0x00000003   PAD
    0x20000570   0x00000040   Zero   RW        30122    .bss.last_error_ctx  BUILD/DISCO_L475VG_IOT01A/ARMC6/mbed-os/platform/source/mbed_error.o
    0x200005b0   0x00000004   Zero   RW        30400    .bss.mbed_heap_size  BUILD/DISCO_L475VG_IOT01A/ARMC6/mbed-os/platform/source/mbed_retarget.o
    0x200005b4   0x00000004   Zero   RW         1438    .bss.mbed_stack_isr_start  BUILD/DISCO_L475VG_IOT01A/ARMC6/mbed-os/cmsis/device/rtos/source/mbed_boot.o
    0x200005b8   0x000001f0   Zero   RW         1420    .bss.os.libspace    BUILD/DISCO_L475VG_IOT01A/ARMC6/mbed-os/cmsis/device/rtos/TOOLCHAIN_ARM_STD/mbed_boot_arm_std.o
    0x200007a8   0x00000034   Zero   RW         1043    .bss.os.msgqueue.cb  BUILD/DISCO_L475VG_IOT01A/ARMC6/mbed-os/cmsis/CMSIS_5/CMSIS/RTOS2/RTX/Source/rtx_lib.o
    0x200007dc   0x00000001   Zero   RW         1423    .bss.os_kernel_is_active.os_kernel_active  BUILD/DISCO_L475VG_IOT01A/ARMC6/mbed-os/cmsis/device/rtos/TOOLCHAIN_ARM_STD/mbed_boot_arm_std.o
    0x200007dd   0x00000003   PAD
    0x200007e0   0x00000004   Zero   RW         1454    .bss.singleton_mutex_id  BUILD/DISCO_L475VG_IOT01A/ARMC6/mbed-os/cmsis/device/rtos/source/mbed_rtos_rtx.o
    0x200007e4   0x0000001c   Zero   RW         1452    .bss.singleton_mutex_obj  BUILD/DISCO_L475VG_IOT01A/ARMC6/mbed-os/cmsis/device/rtos/source/mbed_rtos_rtx.o
    0x20000800   0x00000300   Zero   RW        36036    .bss.uart_handlers  BUILD/DISCO_L475VG_IOT01A/ARMC6/mbed-os/targets/TARGET_STM/TARGET_STM32L4/serial_device.o
    0x20000b00   0x0000051c   Zero   RW          840    .bss.wifi           BUILD/DISCO_L475VG_IOT01A/ARMC6/main.o


    Execution Region ARM_LIB_HEAP (Base: 0x20001020, Size: 0x00016be0, Max: 0x00016be0, ABSOLUTE)

    Base Addr    Size         Type   Attr      Idx    E Section Name        Object

    0x20001020   0x00016be0   Zero   RW            2    ARM_LIB_HEAP.bss    anon$$obj.o


    Execution Region ARM_LIB_STACK (Base: 0x20017c00, Size: 0x00000400, Max: 0x00000400, ABSOLUTE)

    Base Addr    Size         Type   Attr      Idx    E Section Name        Object

    0x20017c00   0x00000400   Zero   RW            3    ARM_LIB_STACK.bss   anon$$obj.o


==============================================================================

Image component sizes


      Code (inc. data)   RO Data    RW Data    ZI Data      Debug   

     57958       3794       3980        408     109040      60792   Object Totals
         0          0         64          0      94432          0   (incl. Generated)
       124          4          5          3         23          0   (incl. Padding)
     14946        640        468         20        580      11696   Library Totals
        36          2          3          0          4          0   (incl. Padding)

==============================================================================


      Code (inc. data)   RO Data    RW Data    ZI Data      Debug   

     72904       4434       4448        428     109620      62800   Grand Totals
     72904       4434       4448        428     109620      62800   ELF Image Totals
     72904       4434       4448        428          0          0   ROM Totals

==============================================================================

    Total RO  Size (Code + RO Data)                77352 (  75.54kB)
    Total RW  Size (RW Data + ZI Data)            110048 ( 107.47kB)
    Total ROM Size (Code + RO Data + RW Data)      77780 (  75.96kB)

==============================================================================

